Archive member included to satisfy reference by file (symbol)

/opt/local/lib/gcc/arm-none-eabi/5.4.0/../../../../arm-none-eabi/lib/libc.a(lib_a-init.o)
                              build/startup_stm32f103xb.o (__libc_init_array)

Allocating common symbols
Common symbol       size              file

uwTick              0x4               build/stm32f1xx_hal.o
pFlash              0x20              build/stm32f1xx_hal_flash.o
huart2              0x40              build/main.o

Discarded input sections

 .text          0x0000000000000000        0x0 build/main.o
 .data          0x0000000000000000        0x0 build/main.o
 .bss           0x0000000000000000        0x0 build/main.o
 .text          0x0000000000000000        0x0 build/stm32f1xx_it.o
 .data          0x0000000000000000        0x0 build/stm32f1xx_it.o
 .bss           0x0000000000000000        0x0 build/stm32f1xx_it.o
 .text          0x0000000000000000        0x0 build/stm32f1xx_hal_msp.o
 .data          0x0000000000000000        0x0 build/stm32f1xx_hal_msp.o
 .bss           0x0000000000000000        0x0 build/stm32f1xx_hal_msp.o
 .text.HAL_UART_MspDeInit
                0x0000000000000000       0x2c build/stm32f1xx_hal_msp.o
 .text          0x0000000000000000        0x0 build/stm32f1xx_hal_gpio_ex.o
 .data          0x0000000000000000        0x0 build/stm32f1xx_hal_gpio_ex.o
 .bss           0x0000000000000000        0x0 build/stm32f1xx_hal_gpio_ex.o
 .text.HAL_GPIOEx_ConfigEventout
                0x0000000000000000       0x44 build/stm32f1xx_hal_gpio_ex.o
 .text.HAL_GPIOEx_EnableEventout
                0x0000000000000000       0x10 build/stm32f1xx_hal_gpio_ex.o
 .text.HAL_GPIOEx_DisableEventout
                0x0000000000000000       0x10 build/stm32f1xx_hal_gpio_ex.o
 .rodata.str1.4
                0x0000000000000000       0x39 build/stm32f1xx_hal_gpio_ex.o
 .debug_info    0x0000000000000000      0x1db build/stm32f1xx_hal_gpio_ex.o
 .debug_abbrev  0x0000000000000000      0x103 build/stm32f1xx_hal_gpio_ex.o
 .debug_loc     0x0000000000000000       0x78 build/stm32f1xx_hal_gpio_ex.o
 .debug_aranges
                0x0000000000000000       0x30 build/stm32f1xx_hal_gpio_ex.o
 .debug_ranges  0x0000000000000000       0x20 build/stm32f1xx_hal_gpio_ex.o
 .debug_line    0x0000000000000000      0x158 build/stm32f1xx_hal_gpio_ex.o
 .debug_str     0x0000000000000000      0x23a build/stm32f1xx_hal_gpio_ex.o
 .comment       0x0000000000000000       0x12 build/stm32f1xx_hal_gpio_ex.o
 .debug_frame   0x0000000000000000       0x50 build/stm32f1xx_hal_gpio_ex.o
 .ARM.attributes
                0x0000000000000000       0x33 build/stm32f1xx_hal_gpio_ex.o
 .text          0x0000000000000000        0x0 build/stm32f1xx_hal_tim.o
 .data          0x0000000000000000        0x0 build/stm32f1xx_hal_tim.o
 .bss           0x0000000000000000        0x0 build/stm32f1xx_hal_tim.o
 .debug_info    0x0000000000000000       0x97 build/stm32f1xx_hal_tim.o
 .debug_abbrev  0x0000000000000000       0x4b build/stm32f1xx_hal_tim.o
 .debug_aranges
                0x0000000000000000       0x18 build/stm32f1xx_hal_tim.o
 .debug_line    0x0000000000000000       0x6e build/stm32f1xx_hal_tim.o
 .debug_str     0x0000000000000000      0x17b build/stm32f1xx_hal_tim.o
 .comment       0x0000000000000000       0x12 build/stm32f1xx_hal_tim.o
 .ARM.attributes
                0x0000000000000000       0x33 build/stm32f1xx_hal_tim.o
 .text          0x0000000000000000        0x0 build/stm32f1xx_hal_tim_ex.o
 .data          0x0000000000000000        0x0 build/stm32f1xx_hal_tim_ex.o
 .bss           0x0000000000000000        0x0 build/stm32f1xx_hal_tim_ex.o
 .debug_info    0x0000000000000000       0x97 build/stm32f1xx_hal_tim_ex.o
 .debug_abbrev  0x0000000000000000       0x4b build/stm32f1xx_hal_tim_ex.o
 .debug_aranges
                0x0000000000000000       0x18 build/stm32f1xx_hal_tim_ex.o
 .debug_line    0x0000000000000000       0x6e build/stm32f1xx_hal_tim_ex.o
 .debug_str     0x0000000000000000      0x17e build/stm32f1xx_hal_tim_ex.o
 .comment       0x0000000000000000       0x12 build/stm32f1xx_hal_tim_ex.o
 .ARM.attributes
                0x0000000000000000       0x33 build/stm32f1xx_hal_tim_ex.o
 .text          0x0000000000000000        0x0 build/stm32f1xx_hal_uart.o
 .data          0x0000000000000000        0x0 build/stm32f1xx_hal_uart.o
 .bss           0x0000000000000000        0x0 build/stm32f1xx_hal_uart.o
 .text.UART_EndTxTransfer
                0x0000000000000000       0x14 build/stm32f1xx_hal_uart.o
 .text.UART_EndRxTransfer
                0x0000000000000000       0x1c build/stm32f1xx_hal_uart.o
 .text.UART_Transmit_IT
                0x0000000000000000       0x6c build/stm32f1xx_hal_uart.o
 .text.UART_WaitOnFlagUntilTimeout
                0x0000000000000000       0x68 build/stm32f1xx_hal_uart.o
 .text.HAL_UART_MspInit
                0x0000000000000000        0x4 build/stm32f1xx_hal_uart.o
 .text.HAL_HalfDuplex_Init
                0x0000000000000000       0xb0 build/stm32f1xx_hal_uart.o
 .text.HAL_LIN_Init
                0x0000000000000000       0xc8 build/stm32f1xx_hal_uart.o
 .text.HAL_MultiProcessor_Init
                0x0000000000000000       0xe4 build/stm32f1xx_hal_uart.o
 .text.HAL_UART_MspDeInit
                0x0000000000000000        0x4 build/stm32f1xx_hal_uart.o
 .text.HAL_UART_DeInit
                0x0000000000000000       0x54 build/stm32f1xx_hal_uart.o
 .text.HAL_UART_Transmit
                0x0000000000000000       0xe4 build/stm32f1xx_hal_uart.o
 .text.HAL_UART_Receive
                0x0000000000000000       0xe8 build/stm32f1xx_hal_uart.o
 .text.HAL_UART_Transmit_IT
                0x0000000000000000       0x48 build/stm32f1xx_hal_uart.o
 .text.HAL_UART_Receive_IT
                0x0000000000000000       0x5c build/stm32f1xx_hal_uart.o
 .text.HAL_UART_Transmit_DMA
                0x0000000000000000       0x8c build/stm32f1xx_hal_uart.o
 .text.HAL_UART_Receive_DMA
                0x0000000000000000       0xa8 build/stm32f1xx_hal_uart.o
 .text.HAL_UART_DMAPause
                0x0000000000000000       0x68 build/stm32f1xx_hal_uart.o
 .text.HAL_UART_DMAResume
                0x0000000000000000       0x78 build/stm32f1xx_hal_uart.o
 .text.HAL_UART_DMAStop
                0x0000000000000000       0x5c build/stm32f1xx_hal_uart.o
 .text.HAL_UART_Abort
                0x0000000000000000       0x6c build/stm32f1xx_hal_uart.o
 .text.HAL_UART_AbortTransmit
                0x0000000000000000       0x3c build/stm32f1xx_hal_uart.o
 .text.HAL_UART_AbortReceive
                0x0000000000000000       0x44 build/stm32f1xx_hal_uart.o
 .text.HAL_UART_TxCpltCallback
                0x0000000000000000        0x4 build/stm32f1xx_hal_uart.o
 .text.UART_DMATransmitCplt
                0x0000000000000000       0x30 build/stm32f1xx_hal_uart.o
 .text.UART_EndTransmit_IT
                0x0000000000000000       0x1c build/stm32f1xx_hal_uart.o
 .text.HAL_UART_TxHalfCpltCallback
                0x0000000000000000        0x4 build/stm32f1xx_hal_uart.o
 .text.UART_DMATxHalfCplt
                0x0000000000000000        0xc build/stm32f1xx_hal_uart.o
 .text.HAL_UART_RxCpltCallback
                0x0000000000000000        0x4 build/stm32f1xx_hal_uart.o
 .text.UART_DMAReceiveCplt
                0x0000000000000000       0x40 build/stm32f1xx_hal_uart.o
 .text.UART_Receive_IT
                0x0000000000000000       0xa0 build/stm32f1xx_hal_uart.o
 .text.HAL_UART_RxHalfCpltCallback
                0x0000000000000000        0x4 build/stm32f1xx_hal_uart.o
 .text.UART_DMARxHalfCplt
                0x0000000000000000        0xc build/stm32f1xx_hal_uart.o
 .text.HAL_UART_ErrorCallback
                0x0000000000000000        0x4 build/stm32f1xx_hal_uart.o
 .text.UART_DMAError
                0x0000000000000000       0x50 build/stm32f1xx_hal_uart.o
 .text.HAL_UART_IRQHandler
                0x0000000000000000      0x11c build/stm32f1xx_hal_uart.o
 .text.UART_DMAAbortOnError
                0x0000000000000000       0x10 build/stm32f1xx_hal_uart.o
 .text.HAL_UART_AbortCpltCallback
                0x0000000000000000        0x4 build/stm32f1xx_hal_uart.o
 .text.HAL_UART_Abort_IT
                0x0000000000000000       0xc8 build/stm32f1xx_hal_uart.o
 .text.UART_DMARxAbortCallback
                0x0000000000000000       0x2c build/stm32f1xx_hal_uart.o
 .text.UART_DMATxAbortCallback
                0x0000000000000000       0x2c build/stm32f1xx_hal_uart.o
 .text.HAL_UART_AbortTransmitCpltCallback
                0x0000000000000000        0x4 build/stm32f1xx_hal_uart.o
 .text.HAL_UART_AbortTransmit_IT
                0x0000000000000000       0x60 build/stm32f1xx_hal_uart.o
 .text.UART_DMATxOnlyAbortCallback
                0x0000000000000000       0x14 build/stm32f1xx_hal_uart.o
 .text.HAL_UART_AbortReceiveCpltCallback
                0x0000000000000000        0x4 build/stm32f1xx_hal_uart.o
 .text.HAL_UART_AbortReceive_IT
                0x0000000000000000       0x68 build/stm32f1xx_hal_uart.o
 .text.UART_DMARxOnlyAbortCallback
                0x0000000000000000       0x14 build/stm32f1xx_hal_uart.o
 .text.HAL_LIN_SendBreak
                0x0000000000000000       0x60 build/stm32f1xx_hal_uart.o
 .text.HAL_MultiProcessor_EnterMuteMode
                0x0000000000000000       0x60 build/stm32f1xx_hal_uart.o
 .text.HAL_MultiProcessor_ExitMuteMode
                0x0000000000000000       0x60 build/stm32f1xx_hal_uart.o
 .text.HAL_HalfDuplex_EnableTransmitter
                0x0000000000000000       0x38 build/stm32f1xx_hal_uart.o
 .text.HAL_HalfDuplex_EnableReceiver
                0x0000000000000000       0x38 build/stm32f1xx_hal_uart.o
 .text.HAL_UART_GetState
                0x0000000000000000        0xc build/stm32f1xx_hal_uart.o
 .text.HAL_UART_GetError
                0x0000000000000000        0x4 build/stm32f1xx_hal_uart.o
 .text          0x0000000000000000        0x0 build/stm32f1xx_hal.o
 .data          0x0000000000000000        0x0 build/stm32f1xx_hal.o
 .bss           0x0000000000000000        0x0 build/stm32f1xx_hal.o
 .text.HAL_MspInit
                0x0000000000000000        0x4 build/stm32f1xx_hal.o
 .text.HAL_MspDeInit
                0x0000000000000000        0x4 build/stm32f1xx_hal.o
 .text.HAL_DeInit
                0x0000000000000000       0x20 build/stm32f1xx_hal.o
 .text.HAL_GetTickPrio
                0x0000000000000000        0xc build/stm32f1xx_hal.o
 .text.HAL_SetTickFreq
                0x0000000000000000       0x40 build/stm32f1xx_hal.o
 .text.HAL_GetTickFreq
                0x0000000000000000        0xc build/stm32f1xx_hal.o
 .text.HAL_Delay
                0x0000000000000000       0x28 build/stm32f1xx_hal.o
 .text.HAL_SuspendTick
                0x0000000000000000       0x10 build/stm32f1xx_hal.o
 .text.HAL_ResumeTick
                0x0000000000000000       0x10 build/stm32f1xx_hal.o
 .text.HAL_GetHalVersion
                0x0000000000000000        0x8 build/stm32f1xx_hal.o
 .text.HAL_GetREVID
                0x0000000000000000        0xc build/stm32f1xx_hal.o
 .text.HAL_GetDEVID
                0x0000000000000000       0x10 build/stm32f1xx_hal.o
 .text.HAL_DBGMCU_EnableDBGSleepMode
                0x0000000000000000       0x10 build/stm32f1xx_hal.o
 .text.HAL_DBGMCU_DisableDBGSleepMode
                0x0000000000000000       0x10 build/stm32f1xx_hal.o
 .text.HAL_DBGMCU_EnableDBGStopMode
                0x0000000000000000       0x10 build/stm32f1xx_hal.o
 .text.HAL_DBGMCU_DisableDBGStopMode
                0x0000000000000000       0x10 build/stm32f1xx_hal.o
 .text.HAL_DBGMCU_EnableDBGStandbyMode
                0x0000000000000000       0x10 build/stm32f1xx_hal.o
 .text.HAL_DBGMCU_DisableDBGStandbyMode
                0x0000000000000000       0x10 build/stm32f1xx_hal.o
 .text.HAL_GetUID
                0x0000000000000000       0x20 build/stm32f1xx_hal.o
 .rodata.str1.4
                0x0000000000000000       0x31 build/stm32f1xx_hal.o
 .text          0x0000000000000000        0x0 build/stm32f1xx_hal_rcc.o
 .data          0x0000000000000000        0x0 build/stm32f1xx_hal_rcc.o
 .bss           0x0000000000000000        0x0 build/stm32f1xx_hal_rcc.o
 .text.HAL_RCC_DeInit
                0x0000000000000000       0xf8 build/stm32f1xx_hal_rcc.o
 .text.HAL_RCC_MCOConfig
                0x0000000000000000       0x98 build/stm32f1xx_hal_rcc.o
 .text.HAL_RCC_EnableCSS
                0x0000000000000000        0xc build/stm32f1xx_hal_rcc.o
 .text.HAL_RCC_DisableCSS
                0x0000000000000000        0xc build/stm32f1xx_hal_rcc.o
 .text.HAL_RCC_GetOscConfig
                0x0000000000000000       0xc8 build/stm32f1xx_hal_rcc.o
 .text.HAL_RCC_GetClockConfig
                0x0000000000000000       0x60 build/stm32f1xx_hal_rcc.o
 .text.HAL_RCC_CSSCallback
                0x0000000000000000        0x4 build/stm32f1xx_hal_rcc.o
 .text.HAL_RCC_NMI_IRQHandler
                0x0000000000000000       0x20 build/stm32f1xx_hal_rcc.o
 .text          0x0000000000000000        0x0 build/stm32f1xx_hal_rcc_ex.o
 .data          0x0000000000000000        0x0 build/stm32f1xx_hal_rcc_ex.o
 .bss           0x0000000000000000        0x0 build/stm32f1xx_hal_rcc_ex.o
 .text.HAL_RCCEx_PeriphCLKConfig
                0x0000000000000000      0x178 build/stm32f1xx_hal_rcc_ex.o
 .text.HAL_RCCEx_GetPeriphCLKConfig
                0x0000000000000000       0x2c build/stm32f1xx_hal_rcc_ex.o
 .text.HAL_RCCEx_GetPeriphCLKFreq
                0x0000000000000000      0x11c build/stm32f1xx_hal_rcc_ex.o
 .rodata        0x0000000000000000       0x12 build/stm32f1xx_hal_rcc_ex.o
 .rodata.str1.4
                0x0000000000000000       0x38 build/stm32f1xx_hal_rcc_ex.o
 .debug_info    0x0000000000000000      0x4ce build/stm32f1xx_hal_rcc_ex.o
 .debug_abbrev  0x0000000000000000      0x1dc build/stm32f1xx_hal_rcc_ex.o
 .debug_loc     0x0000000000000000      0x344 build/stm32f1xx_hal_rcc_ex.o
 .debug_aranges
                0x0000000000000000       0x30 build/stm32f1xx_hal_rcc_ex.o
 .debug_ranges  0x0000000000000000       0x38 build/stm32f1xx_hal_rcc_ex.o
 .debug_line    0x0000000000000000      0x289 build/stm32f1xx_hal_rcc_ex.o
 .debug_str     0x0000000000000000      0x3a4 build/stm32f1xx_hal_rcc_ex.o
 .comment       0x0000000000000000       0x12 build/stm32f1xx_hal_rcc_ex.o
 .debug_frame   0x0000000000000000       0x70 build/stm32f1xx_hal_rcc_ex.o
 .ARM.attributes
                0x0000000000000000       0x33 build/stm32f1xx_hal_rcc_ex.o
 .text          0x0000000000000000        0x0 build/stm32f1xx_hal_gpio.o
 .data          0x0000000000000000        0x0 build/stm32f1xx_hal_gpio.o
 .bss           0x0000000000000000        0x0 build/stm32f1xx_hal_gpio.o
 .text.HAL_GPIO_DeInit
                0x0000000000000000      0x128 build/stm32f1xx_hal_gpio.o
 .text.HAL_GPIO_ReadPin
                0x0000000000000000       0x24 build/stm32f1xx_hal_gpio.o
 .text.HAL_GPIO_TogglePin
                0x0000000000000000       0x20 build/stm32f1xx_hal_gpio.o
 .text.HAL_GPIO_LockPin
                0x0000000000000000       0x7c build/stm32f1xx_hal_gpio.o
 .text          0x0000000000000000        0x0 build/stm32f1xx_hal_dma.o
 .data          0x0000000000000000        0x0 build/stm32f1xx_hal_dma.o
 .bss           0x0000000000000000        0x0 build/stm32f1xx_hal_dma.o
 .text.DMA_SetConfig
                0x0000000000000000       0x2c build/stm32f1xx_hal_dma.o
 .text.HAL_DMA_Init
                0x0000000000000000      0x148 build/stm32f1xx_hal_dma.o
 .text.HAL_DMA_DeInit
                0x0000000000000000       0x9c build/stm32f1xx_hal_dma.o
 .text.HAL_DMA_Start
                0x0000000000000000       0x7c build/stm32f1xx_hal_dma.o
 .text.HAL_DMA_Start_IT
                0x0000000000000000       0x98 build/stm32f1xx_hal_dma.o
 .text.HAL_DMA_Abort
                0x0000000000000000       0x30 build/stm32f1xx_hal_dma.o
 .text.HAL_DMA_Abort_IT
                0x0000000000000000       0x98 build/stm32f1xx_hal_dma.o
 .text.HAL_DMA_PollForTransfer
                0x0000000000000000      0x230 build/stm32f1xx_hal_dma.o
 .text.HAL_DMA_IRQHandler
                0x0000000000000000      0x144 build/stm32f1xx_hal_dma.o
 .text.HAL_DMA_RegisterCallback
                0x0000000000000000       0x50 build/stm32f1xx_hal_dma.o
 .text.HAL_DMA_UnRegisterCallback
                0x0000000000000000       0x5c build/stm32f1xx_hal_dma.o
 .text.HAL_DMA_GetState
                0x0000000000000000        0x8 build/stm32f1xx_hal_dma.o
 .text.HAL_DMA_GetError
                0x0000000000000000        0x4 build/stm32f1xx_hal_dma.o
 .rodata.str1.4
                0x0000000000000000       0x35 build/stm32f1xx_hal_dma.o
 .debug_info    0x0000000000000000      0x96b build/stm32f1xx_hal_dma.o
 .debug_abbrev  0x0000000000000000      0x22a build/stm32f1xx_hal_dma.o
 .debug_loc     0x0000000000000000      0x734 build/stm32f1xx_hal_dma.o
 .debug_aranges
                0x0000000000000000       0x80 build/stm32f1xx_hal_dma.o
 .debug_ranges  0x0000000000000000       0x70 build/stm32f1xx_hal_dma.o
 .debug_line    0x0000000000000000      0x590 build/stm32f1xx_hal_dma.o
 .debug_str     0x0000000000000000      0x5e0 build/stm32f1xx_hal_dma.o
 .comment       0x0000000000000000       0x12 build/stm32f1xx_hal_dma.o
 .debug_frame   0x0000000000000000      0x180 build/stm32f1xx_hal_dma.o
 .ARM.attributes
                0x0000000000000000       0x33 build/stm32f1xx_hal_dma.o
 .text          0x0000000000000000        0x0 build/stm32f1xx_hal_cortex.o
 .data          0x0000000000000000        0x0 build/stm32f1xx_hal_cortex.o
 .bss           0x0000000000000000        0x0 build/stm32f1xx_hal_cortex.o
 .text.HAL_NVIC_DisableIRQ
                0x0000000000000000       0x2c build/stm32f1xx_hal_cortex.o
 .text.HAL_NVIC_SystemReset
                0x0000000000000000       0x24 build/stm32f1xx_hal_cortex.o
 .text.HAL_NVIC_GetPriorityGrouping
                0x0000000000000000       0x10 build/stm32f1xx_hal_cortex.o
 .text.HAL_NVIC_GetPriority
                0x0000000000000000       0x78 build/stm32f1xx_hal_cortex.o
 .text.HAL_NVIC_SetPendingIRQ
                0x0000000000000000       0x30 build/stm32f1xx_hal_cortex.o
 .text.HAL_NVIC_GetPendingIRQ
                0x0000000000000000       0x30 build/stm32f1xx_hal_cortex.o
 .text.HAL_NVIC_ClearPendingIRQ
                0x0000000000000000       0x30 build/stm32f1xx_hal_cortex.o
 .text.HAL_NVIC_GetActive
                0x0000000000000000       0x30 build/stm32f1xx_hal_cortex.o
 .text          0x0000000000000000        0x0 build/stm32f1xx_hal_pwr.o
 .data          0x0000000000000000        0x0 build/stm32f1xx_hal_pwr.o
 .bss           0x0000000000000000        0x0 build/stm32f1xx_hal_pwr.o
 .text.PWR_OverloadWfe
                0x0000000000000000        0x8 build/stm32f1xx_hal_pwr.o
 .text.HAL_PWR_DeInit
                0x0000000000000000       0x18 build/stm32f1xx_hal_pwr.o
 .text.HAL_PWR_EnableBkUpAccess
                0x0000000000000000        0xc build/stm32f1xx_hal_pwr.o
 .text.HAL_PWR_DisableBkUpAccess
                0x0000000000000000        0xc build/stm32f1xx_hal_pwr.o
 .text.HAL_PWR_ConfigPVD
                0x0000000000000000       0xe0 build/stm32f1xx_hal_pwr.o
 .text.HAL_PWR_EnablePVD
                0x0000000000000000        0xc build/stm32f1xx_hal_pwr.o
 .text.HAL_PWR_DisablePVD
                0x0000000000000000        0xc build/stm32f1xx_hal_pwr.o
 .text.HAL_PWR_EnableWakeUpPin
                0x0000000000000000       0x30 build/stm32f1xx_hal_pwr.o
 .text.HAL_PWR_DisableWakeUpPin
                0x0000000000000000       0x30 build/stm32f1xx_hal_pwr.o
 .text.HAL_PWR_EnterSLEEPMode
                0x0000000000000000       0x38 build/stm32f1xx_hal_pwr.o
 .text.HAL_PWR_EnterSTOPMode
                0x0000000000000000       0x70 build/stm32f1xx_hal_pwr.o
 .text.HAL_PWR_EnterSTANDBYMode
                0x0000000000000000       0x20 build/stm32f1xx_hal_pwr.o
 .text.HAL_PWR_EnableSleepOnExit
                0x0000000000000000       0x10 build/stm32f1xx_hal_pwr.o
 .text.HAL_PWR_DisableSleepOnExit
                0x0000000000000000       0x10 build/stm32f1xx_hal_pwr.o
 .text.HAL_PWR_EnableSEVOnPend
                0x0000000000000000       0x10 build/stm32f1xx_hal_pwr.o
 .text.HAL_PWR_DisableSEVOnPend
                0x0000000000000000       0x10 build/stm32f1xx_hal_pwr.o
 .text.HAL_PWR_PVDCallback
                0x0000000000000000        0x4 build/stm32f1xx_hal_pwr.o
 .text.HAL_PWR_PVD_IRQHandler
                0x0000000000000000       0x20 build/stm32f1xx_hal_pwr.o
 .rodata.str1.4
                0x0000000000000000       0x35 build/stm32f1xx_hal_pwr.o
 .debug_info    0x0000000000000000      0x860 build/stm32f1xx_hal_pwr.o
 .debug_abbrev  0x0000000000000000      0x227 build/stm32f1xx_hal_pwr.o
 .debug_loc     0x0000000000000000      0x1f9 build/stm32f1xx_hal_pwr.o
 .debug_aranges
                0x0000000000000000       0xa8 build/stm32f1xx_hal_pwr.o
 .debug_ranges  0x0000000000000000       0x98 build/stm32f1xx_hal_pwr.o
 .debug_line    0x0000000000000000      0x341 build/stm32f1xx_hal_pwr.o
 .debug_str     0x0000000000000000      0x47e build/stm32f1xx_hal_pwr.o
 .comment       0x0000000000000000       0x12 build/stm32f1xx_hal_pwr.o
 .debug_frame   0x0000000000000000      0x17c build/stm32f1xx_hal_pwr.o
 .ARM.attributes
                0x0000000000000000       0x33 build/stm32f1xx_hal_pwr.o
 .text          0x0000000000000000        0x0 build/stm32f1xx_hal_flash.o
 .data          0x0000000000000000        0x0 build/stm32f1xx_hal_flash.o
 .bss           0x0000000000000000        0x0 build/stm32f1xx_hal_flash.o
 .text.FLASH_Program_HalfWord
                0x0000000000000000       0x1c build/stm32f1xx_hal_flash.o
 .text.FLASH_SetErrorCode
                0x0000000000000000       0x74 build/stm32f1xx_hal_flash.o
 .text.HAL_FLASH_Program_IT
                0x0000000000000000       0xd0 build/stm32f1xx_hal_flash.o
 .text.HAL_FLASH_EndOfOperationCallback
                0x0000000000000000        0x4 build/stm32f1xx_hal_flash.o
 .text.HAL_FLASH_OperationErrorCallback
                0x0000000000000000        0x4 build/stm32f1xx_hal_flash.o
 .text.HAL_FLASH_IRQHandler
                0x0000000000000000      0x15c build/stm32f1xx_hal_flash.o
 .text.HAL_FLASH_Unlock
                0x0000000000000000       0x34 build/stm32f1xx_hal_flash.o
 .text.HAL_FLASH_Lock
                0x0000000000000000       0x14 build/stm32f1xx_hal_flash.o
 .text.HAL_FLASH_OB_Unlock
                0x0000000000000000       0x28 build/stm32f1xx_hal_flash.o
 .text.HAL_FLASH_OB_Lock
                0x0000000000000000       0x14 build/stm32f1xx_hal_flash.o
 .text.HAL_FLASH_OB_Launch
                0x0000000000000000        0x8 build/stm32f1xx_hal_flash.o
 .text.HAL_FLASH_GetError
                0x0000000000000000        0xc build/stm32f1xx_hal_flash.o
 .text.FLASH_WaitForLastOperation
                0x0000000000000000       0x70 build/stm32f1xx_hal_flash.o
 .text.HAL_FLASH_Program
                0x0000000000000000      0x100 build/stm32f1xx_hal_flash.o
 .rodata.str1.4
                0x0000000000000000       0x37 build/stm32f1xx_hal_flash.o
 .debug_info    0x0000000000000000      0x703 build/stm32f1xx_hal_flash.o
 .debug_abbrev  0x0000000000000000      0x23e build/stm32f1xx_hal_flash.o
 .debug_loc     0x0000000000000000      0x383 build/stm32f1xx_hal_flash.o
 .debug_aranges
                0x0000000000000000       0x88 build/stm32f1xx_hal_flash.o
 .debug_ranges  0x0000000000000000       0x78 build/stm32f1xx_hal_flash.o
 .debug_line    0x0000000000000000      0x3d2 build/stm32f1xx_hal_flash.o
 .debug_str     0x0000000000000000      0x4ea build/stm32f1xx_hal_flash.o
 .comment       0x0000000000000000       0x12 build/stm32f1xx_hal_flash.o
 .debug_frame   0x0000000000000000      0x158 build/stm32f1xx_hal_flash.o
 .ARM.attributes
                0x0000000000000000       0x33 build/stm32f1xx_hal_flash.o
 COMMON         0x0000000000000000       0x20 build/stm32f1xx_hal_flash.o
 .text          0x0000000000000000        0x0 build/stm32f1xx_hal_flash_ex.o
 .data          0x0000000000000000        0x0 build/stm32f1xx_hal_flash_ex.o
 .bss           0x0000000000000000        0x0 build/stm32f1xx_hal_flash_ex.o
 .text.FLASH_OB_GetWRP
                0x0000000000000000        0xc build/stm32f1xx_hal_flash_ex.o
 .text.FLASH_OB_GetRDP
                0x0000000000000000       0x18 build/stm32f1xx_hal_flash_ex.o
 .text.FLASH_OB_GetUser
                0x0000000000000000       0x10 build/stm32f1xx_hal_flash_ex.o
 .text.FLASH_MassErase
                0x0000000000000000       0x38 build/stm32f1xx_hal_flash_ex.o
 .text.FLASH_OB_RDP_LevelConfig
                0x0000000000000000       0x80 build/stm32f1xx_hal_flash_ex.o
 .text.FLASH_OB_UserConfig
                0x0000000000000000       0x4c build/stm32f1xx_hal_flash_ex.o
 .text.FLASH_OB_ProgramData
                0x0000000000000000       0x64 build/stm32f1xx_hal_flash_ex.o
 .text.HAL_FLASHEx_OBErase
                0x0000000000000000       0x54 build/stm32f1xx_hal_flash_ex.o
 .text.FLASH_OB_EnableWRP
                0x0000000000000000       0xc8 build/stm32f1xx_hal_flash_ex.o
 .text.FLASH_OB_DisableWRP
                0x0000000000000000       0xd0 build/stm32f1xx_hal_flash_ex.o
 .text.HAL_FLASHEx_OBProgram
                0x0000000000000000       0xc8 build/stm32f1xx_hal_flash_ex.o
 .text.HAL_FLASHEx_OBGetConfig
                0x0000000000000000       0x1c build/stm32f1xx_hal_flash_ex.o
 .text.HAL_FLASHEx_OBGetUserData
                0x0000000000000000       0x24 build/stm32f1xx_hal_flash_ex.o
 .text.FLASH_PageErase
                0x0000000000000000       0x24 build/stm32f1xx_hal_flash_ex.o
 .text.HAL_FLASHEx_Erase
                0x0000000000000000      0x180 build/stm32f1xx_hal_flash_ex.o
 .text.HAL_FLASHEx_Erase_IT
                0x0000000000000000      0x144 build/stm32f1xx_hal_flash_ex.o
 .rodata.str1.4
                0x0000000000000000       0x3a build/stm32f1xx_hal_flash_ex.o
 .debug_info    0x0000000000000000      0xc28 build/stm32f1xx_hal_flash_ex.o
 .debug_abbrev  0x0000000000000000      0x25e build/stm32f1xx_hal_flash_ex.o
 .debug_loc     0x0000000000000000      0x805 build/stm32f1xx_hal_flash_ex.o
 .debug_aranges
                0x0000000000000000       0x98 build/stm32f1xx_hal_flash_ex.o
 .debug_ranges  0x0000000000000000       0x88 build/stm32f1xx_hal_flash_ex.o
 .debug_line    0x0000000000000000      0x4b8 build/stm32f1xx_hal_flash_ex.o
 .debug_str     0x0000000000000000      0x600 build/stm32f1xx_hal_flash_ex.o
 .comment       0x0000000000000000       0x12 build/stm32f1xx_hal_flash_ex.o
 .debug_frame   0x0000000000000000      0x1dc build/stm32f1xx_hal_flash_ex.o
 .ARM.attributes
                0x0000000000000000       0x33 build/stm32f1xx_hal_flash_ex.o
 .text          0x0000000000000000        0x0 build/system_stm32f1xx.o
 .data          0x0000000000000000        0x0 build/system_stm32f1xx.o
 .bss           0x0000000000000000        0x0 build/system_stm32f1xx.o
 .text.SystemCoreClockUpdate
                0x0000000000000000       0x94 build/system_stm32f1xx.o
 .text          0x0000000000000000       0x14 build/startup_stm32f103xb.o
 .data          0x0000000000000000        0x0 build/startup_stm32f103xb.o
 .bss           0x0000000000000000        0x0 build/startup_stm32f103xb.o
 .data          0x0000000000000000        0x0 /opt/local/lib/gcc/arm-none-eabi/5.4.0/../../../../arm-none-eabi/lib/libc.a(lib_a-init.o)
 .bss           0x0000000000000000        0x0 /opt/local/lib/gcc/arm-none-eabi/5.4.0/../../../../arm-none-eabi/lib/libc.a(lib_a-init.o)

Memory Configuration

Name             Origin             Length             Attributes
RAM              0x0000000020000000 0x0000000000005000 xrw
FLASH            0x0000000008000000 0x0000000000020000 xr
*default*        0x0000000000000000 0xffffffffffffffff

Linker script and memory map

LOAD build/main.o
LOAD build/stm32f1xx_it.o
LOAD build/stm32f1xx_hal_msp.o
LOAD build/stm32f1xx_hal_gpio_ex.o
LOAD build/stm32f1xx_hal_tim.o
LOAD build/stm32f1xx_hal_tim_ex.o
LOAD build/stm32f1xx_hal_uart.o
LOAD build/stm32f1xx_hal.o
LOAD build/stm32f1xx_hal_rcc.o
LOAD build/stm32f1xx_hal_rcc_ex.o
LOAD build/stm32f1xx_hal_gpio.o
LOAD build/stm32f1xx_hal_dma.o
LOAD build/stm32f1xx_hal_cortex.o
LOAD build/stm32f1xx_hal_pwr.o
LOAD build/stm32f1xx_hal_flash.o
LOAD build/stm32f1xx_hal_flash_ex.o
LOAD build/system_stm32f1xx.o
LOAD build/startup_stm32f103xb.o
LOAD /opt/local/lib/gcc/arm-none-eabi/5.4.0/../../../../arm-none-eabi/lib/libc.a
LOAD /opt/local/lib/gcc/arm-none-eabi/5.4.0/../../../../arm-none-eabi/lib/libm.a
LOAD /opt/local/lib/gcc/arm-none-eabi/5.4.0/../../../../arm-none-eabi/lib/libc.a
LOAD /opt/local/lib/gcc/arm-none-eabi/5.4.0/libgcc.a
                0x0000000020005000                _estack = 0x20005000
                0x0000000000000200                _Min_Heap_Size = 0x200
                0x0000000000000400                _Min_Stack_Size = 0x400

.isr_vector     0x0000000008000000      0x10c
                0x0000000008000000                . = ALIGN (0x4)
 *(.isr_vector)
 .isr_vector    0x0000000008000000      0x10c build/startup_stm32f103xb.o
                0x0000000008000000                g_pfnVectors
                0x000000000800010c                . = ALIGN (0x4)

.text           0x000000000800010c     0x144c
                0x000000000800010c                . = ALIGN (0x4)
 *(.text)
 .text          0x000000000800010c       0x80 /opt/local/lib/gcc/arm-none-eabi/5.4.0/../../../../arm-none-eabi/lib/libc.a(lib_a-init.o)
                0x000000000800010c                __libc_init_array
 *(.text*)
 .text.MX_GPIO_Init
                0x000000000800018c       0xac build/main.o
 .text._Error_Handler
                0x0000000008000238        0x4 build/main.o
                0x0000000008000238                _Error_Handler
 .text.MX_USART2_UART_Init
                0x000000000800023c       0x3c build/main.o
 .text.SystemClock_Config
                0x0000000008000278       0x80 build/main.o
                0x0000000008000278                SystemClock_Config
 .text.main     0x00000000080002f8       0x14 build/main.o
                0x00000000080002f8                main
 .text.assert_failed
                0x000000000800030c        0x4 build/main.o
                0x000000000800030c                assert_failed
 .text.SysTick_Handler
                0x0000000008000310        0xc build/stm32f1xx_it.o
                0x0000000008000310                SysTick_Handler
 .text.EXTI15_10_IRQHandler
                0x000000000800031c        0xc build/stm32f1xx_it.o
                0x000000000800031c                EXTI15_10_IRQHandler
 .text.HAL_MspInit
                0x0000000008000328       0xa0 build/stm32f1xx_hal_msp.o
                0x0000000008000328                HAL_MspInit
 .text.HAL_UART_MspInit
                0x00000000080003c8       0x44 build/stm32f1xx_hal_msp.o
                0x00000000080003c8                HAL_UART_MspInit
 .text.UART_SetConfig
                0x000000000800040c      0x22c build/stm32f1xx_hal_uart.o
 .text.HAL_UART_Init
                0x0000000008000638       0xec build/stm32f1xx_hal_uart.o
                0x0000000008000638                HAL_UART_Init
 .text.HAL_InitTick
                0x0000000008000724       0x4c build/stm32f1xx_hal.o
                0x0000000008000724                HAL_InitTick
 .text.HAL_Init
                0x0000000008000770       0x24 build/stm32f1xx_hal.o
                0x0000000008000770                HAL_Init
 .text.HAL_IncTick
                0x0000000008000794       0x18 build/stm32f1xx_hal.o
                0x0000000008000794                HAL_IncTick
 .text.HAL_GetTick
                0x00000000080007ac        0xc build/stm32f1xx_hal.o
                0x00000000080007ac                HAL_GetTick
 .text.RCC_Delay
                0x00000000080007b8       0x2c build/stm32f1xx_hal_rcc.o
 .text.HAL_RCC_OscConfig
                0x00000000080007e4      0x528 build/stm32f1xx_hal_rcc.o
                0x00000000080007e4                HAL_RCC_OscConfig
 .text.HAL_RCC_GetSysClockFreq
                0x0000000008000d0c       0x70 build/stm32f1xx_hal_rcc.o
                0x0000000008000d0c                HAL_RCC_GetSysClockFreq
 .text.HAL_RCC_ClockConfig
                0x0000000008000d7c      0x244 build/stm32f1xx_hal_rcc.o
                0x0000000008000d7c                HAL_RCC_ClockConfig
 .text.HAL_RCC_GetHCLKFreq
                0x0000000008000fc0        0xc build/stm32f1xx_hal_rcc.o
                0x0000000008000fc0                HAL_RCC_GetHCLKFreq
 .text.HAL_RCC_GetPCLK1Freq
                0x0000000008000fcc       0x20 build/stm32f1xx_hal_rcc.o
                0x0000000008000fcc                HAL_RCC_GetPCLK1Freq
 .text.HAL_RCC_GetPCLK2Freq
                0x0000000008000fec       0x20 build/stm32f1xx_hal_rcc.o
                0x0000000008000fec                HAL_RCC_GetPCLK2Freq
 .text.HAL_GPIO_Init
                0x000000000800100c      0x308 build/stm32f1xx_hal_gpio.o
                0x000000000800100c                HAL_GPIO_Init
 .text.HAL_GPIO_WritePin
                0x0000000008001314       0x34 build/stm32f1xx_hal_gpio.o
                0x0000000008001314                HAL_GPIO_WritePin
 .text.HAL_GPIO_EXTI_Callback
                0x0000000008001348        0x4 build/stm32f1xx_hal_gpio.o
                0x0000000008001348                HAL_GPIO_EXTI_Callback
 .text.HAL_GPIO_EXTI_IRQHandler
                0x000000000800134c       0x18 build/stm32f1xx_hal_gpio.o
                0x000000000800134c                HAL_GPIO_EXTI_IRQHandler
 .text.HAL_NVIC_SetPriorityGrouping
                0x0000000008001364       0x3c build/stm32f1xx_hal_cortex.o
                0x0000000008001364                HAL_NVIC_SetPriorityGrouping
 .text.HAL_NVIC_SetPriority
                0x00000000080013a0       0x84 build/stm32f1xx_hal_cortex.o
                0x00000000080013a0                HAL_NVIC_SetPriority
 .text.HAL_NVIC_EnableIRQ
                0x0000000008001424       0x2c build/stm32f1xx_hal_cortex.o
                0x0000000008001424                HAL_NVIC_EnableIRQ
 .text.HAL_SYSTICK_Config
                0x0000000008001450       0x2c build/stm32f1xx_hal_cortex.o
                0x0000000008001450                HAL_SYSTICK_Config
 .text.HAL_SYSTICK_CLKSourceConfig
                0x000000000800147c       0x38 build/stm32f1xx_hal_cortex.o
                0x000000000800147c                HAL_SYSTICK_CLKSourceConfig
 .text.HAL_SYSTICK_Callback
                0x00000000080014b4        0x4 build/stm32f1xx_hal_cortex.o
                0x00000000080014b4                HAL_SYSTICK_Callback
 .text.HAL_SYSTICK_IRQHandler
                0x00000000080014b8        0x8 build/stm32f1xx_hal_cortex.o
                0x00000000080014b8                HAL_SYSTICK_IRQHandler
 .text.SystemInit
                0x00000000080014c0       0x4c build/system_stm32f1xx.o
                0x00000000080014c0                SystemInit
 .text.Reset_Handler
                0x000000000800150c       0x48 build/startup_stm32f103xb.o
                0x000000000800150c                Reset_Handler
 .text.Default_Handler
                0x0000000008001554        0x2 build/startup_stm32f103xb.o
                0x0000000008001554                USBWakeUp_IRQHandler
                0x0000000008001554                EXTI2_IRQHandler
                0x0000000008001554                DebugMon_Handler
                0x0000000008001554                TIM1_CC_IRQHandler
                0x0000000008001554                HardFault_Handler
                0x0000000008001554                PVD_IRQHandler
                0x0000000008001554                PendSV_Handler
                0x0000000008001554                NMI_Handler
                0x0000000008001554                EXTI3_IRQHandler
                0x0000000008001554                EXTI0_IRQHandler
                0x0000000008001554                I2C2_EV_IRQHandler
                0x0000000008001554                UsageFault_Handler
                0x0000000008001554                ADC1_2_IRQHandler
                0x0000000008001554                SPI1_IRQHandler
                0x0000000008001554                TAMPER_IRQHandler
                0x0000000008001554                DMA1_Channel4_IRQHandler
                0x0000000008001554                USART3_IRQHandler
                0x0000000008001554                RTC_IRQHandler
                0x0000000008001554                DMA1_Channel7_IRQHandler
                0x0000000008001554                CAN1_RX1_IRQHandler
                0x0000000008001554                TIM4_IRQHandler
                0x0000000008001554                I2C1_EV_IRQHandler
                0x0000000008001554                DMA1_Channel6_IRQHandler
                0x0000000008001554                TIM3_IRQHandler
                0x0000000008001554                RCC_IRQHandler
                0x0000000008001554                TIM1_TRG_COM_IRQHandler
                0x0000000008001554                DMA1_Channel1_IRQHandler
                0x0000000008001554                Default_Handler
                0x0000000008001554                EXTI9_5_IRQHandler
                0x0000000008001554                SPI2_IRQHandler
                0x0000000008001554                MemManage_Handler
                0x0000000008001554                SVC_Handler
                0x0000000008001554                DMA1_Channel5_IRQHandler
                0x0000000008001554                EXTI4_IRQHandler
                0x0000000008001554                USB_LP_CAN1_RX0_IRQHandler
                0x0000000008001554                USB_HP_CAN1_TX_IRQHandler
                0x0000000008001554                DMA1_Channel3_IRQHandler
                0x0000000008001554                TIM1_UP_IRQHandler
                0x0000000008001554                WWDG_IRQHandler
                0x0000000008001554                TIM2_IRQHandler
                0x0000000008001554                TIM1_BRK_IRQHandler
                0x0000000008001554                EXTI1_IRQHandler
                0x0000000008001554                USART2_IRQHandler
                0x0000000008001554                I2C2_ER_IRQHandler
                0x0000000008001554                DMA1_Channel2_IRQHandler
                0x0000000008001554                CAN1_SCE_IRQHandler
                0x0000000008001554                FLASH_IRQHandler
                0x0000000008001554                BusFault_Handler
                0x0000000008001554                USART1_IRQHandler
                0x0000000008001554                I2C1_ER_IRQHandler
                0x0000000008001554                RTC_Alarm_IRQHandler
 *(.glue_7)
 .glue_7        0x0000000008001556        0x0 linker stubs
 *(.glue_7t)
 .glue_7t       0x0000000008001556        0x0 linker stubs
 *(.eh_frame)
 *(.init)
 *(.fini)
                0x0000000008001558                . = ALIGN (0x4)
 *fill*         0x0000000008001556        0x2 
                0x0000000008001558                _etext = .

.vfp11_veneer   0x0000000008001558        0x0
 .vfp11_veneer  0x0000000008001558        0x0 linker stubs

.v4_bx          0x0000000008001558        0x0
 .v4_bx         0x0000000008001558        0x0 linker stubs

.iplt           0x0000000008001558        0x0
 .iplt          0x0000000008001558        0x0 build/main.o

.rodata         0x0000000008001558      0x118
                0x0000000008001558                . = ALIGN (0x4)
 *(.rodata)
 .rodata        0x0000000008001558       0x12 build/stm32f1xx_hal_rcc.o
 *(.rodata*)
 *fill*         0x000000000800156a        0x2 
 .rodata.str1.4
                0x000000000800156c        0xb build/main.o
 *fill*         0x0000000008001577        0x1 
 .rodata.str1.4
                0x0000000008001578       0x36 build/stm32f1xx_hal_uart.o
 *fill*         0x00000000080015ae        0x2 
 .rodata.str1.4
                0x00000000080015b0       0x35 build/stm32f1xx_hal_rcc.o
 *fill*         0x00000000080015e5        0x3 
 .rodata.str1.4
                0x00000000080015e8       0x36 build/stm32f1xx_hal_gpio.o
 *fill*         0x000000000800161e        0x2 
 .rodata.str1.4
                0x0000000008001620       0x38 build/stm32f1xx_hal_cortex.o
 .rodata.AHBPrescTable
                0x0000000008001658       0x10 build/system_stm32f1xx.o
                0x0000000008001658                AHBPrescTable
 .rodata.APBPrescTable
                0x0000000008001668        0x8 build/system_stm32f1xx.o
                0x0000000008001668                APBPrescTable
                0x0000000008001670                . = ALIGN (0x4)

.rel.dyn        0x0000000008001670        0x0
 .rel.iplt      0x0000000008001670        0x0 build/main.o

.ARM.extab
 *(.ARM.extab* .gnu.linkonce.armextab.*)

.ARM            0x0000000008001670        0x0
                0x0000000008001670                __exidx_start = .
 *(.ARM.exidx*)
                0x0000000008001670                __exidx_end = .

.preinit_array  0x0000000008001670        0x0
                0x0000000008001670                PROVIDE (__preinit_array_start = .)
 *(.preinit_array*)
                0x0000000008001670                PROVIDE (__preinit_array_end = .)

.init_array     0x0000000008001670        0x0
                0x0000000008001670                PROVIDE (__init_array_start = .)
 *(SORT_BY_NAME(.init_array.*))
 *(.init_array*)
                0x0000000008001670                PROVIDE (__init_array_end = .)

.fini_array     0x0000000008001670        0x0
                [!provide]                        PROVIDE (__fini_array_start = .)
 *(SORT_BY_NAME(.fini_array.*))
 *(.fini_array*)
                [!provide]                        PROVIDE (__fini_array_end = .)
                0x0000000008001670                _sidata = LOADADDR (.data)

.data           0x0000000020000000        0xc load address 0x0000000008001670
                0x0000000020000000                . = ALIGN (0x4)
                0x0000000020000000                _sdata = .
 *(.data)
 *(.data*)
 .data.uwTickPrio
                0x0000000020000000        0x4 build/stm32f1xx_hal.o
                0x0000000020000000                uwTickPrio
 .data.uwTickFreq
                0x0000000020000004        0x1 build/stm32f1xx_hal.o
                0x0000000020000004                uwTickFreq
 *fill*         0x0000000020000005        0x3 
 .data.SystemCoreClock
                0x0000000020000008        0x4 build/system_stm32f1xx.o
                0x0000000020000008                SystemCoreClock
                0x000000002000000c                . = ALIGN (0x4)
                0x000000002000000c                _edata = .

.igot.plt       0x000000002000000c        0x0 load address 0x000000000800167c
 .igot.plt      0x000000002000000c        0x0 build/main.o
                0x000000002000000c                . = ALIGN (0x4)

.bss            0x000000002000000c       0x44 load address 0x000000000800167c
                0x000000002000000c                _sbss = .
                0x000000002000000c                __bss_start__ = _sbss
 *(.bss)
 *(.bss*)
 *(COMMON)
 COMMON         0x000000002000000c       0x40 build/main.o
                0x000000002000000c                huart2
 COMMON         0x000000002000004c        0x4 build/stm32f1xx_hal.o
                0x000000002000004c                uwTick
                0x0000000020000050                . = ALIGN (0x4)
                0x0000000020000050                _ebss = .
                0x0000000020000050                __bss_end__ = _ebss

._user_heap_stack
                0x0000000020000050      0x600 load address 0x000000000800167c
                0x0000000020000050                . = ALIGN (0x8)
                [!provide]                        PROVIDE (end = .)
                [!provide]                        PROVIDE (_end = .)
                0x0000000020000250                . = (. + _Min_Heap_Size)
 *fill*         0x0000000020000050      0x200 
                0x0000000020000650                . = (. + _Min_Stack_Size)
 *fill*         0x0000000020000250      0x400 
                0x0000000020000650                . = ALIGN (0x8)

/DISCARD/
 libc.a(*)
 libm.a(*)
 libgcc.a(*)

.ARM.attributes
                0x0000000000000000       0x33
 *(.ARM.attributes)
 .ARM.attributes
                0x0000000000000000       0x33 build/main.o
 .ARM.attributes
                0x0000000000000033       0x33 build/stm32f1xx_it.o
 .ARM.attributes
                0x0000000000000066       0x33 build/stm32f1xx_hal_msp.o
 .ARM.attributes
                0x0000000000000099       0x33 build/stm32f1xx_hal_uart.o
 .ARM.attributes
                0x00000000000000cc       0x33 build/stm32f1xx_hal.o
 .ARM.attributes
                0x00000000000000ff       0x33 build/stm32f1xx_hal_rcc.o
 .ARM.attributes
                0x0000000000000132       0x33 build/stm32f1xx_hal_gpio.o
 .ARM.attributes
                0x0000000000000165       0x33 build/stm32f1xx_hal_cortex.o
 .ARM.attributes
                0x0000000000000198       0x33 build/system_stm32f1xx.o
 .ARM.attributes
                0x00000000000001cb       0x21 build/startup_stm32f103xb.o
 .ARM.attributes
                0x00000000000001ec       0x30 /opt/local/lib/gcc/arm-none-eabi/5.4.0/../../../../arm-none-eabi/lib/libc.a(lib_a-init.o)
OUTPUT(build/nucle_board.elf elf32-littlearm)

.debug_info     0x0000000000000000     0x6363
 .debug_info    0x0000000000000000      0xcee build/main.o
 .debug_info    0x0000000000000cee      0x130 build/stm32f1xx_it.o
 .debug_info    0x0000000000000e1e      0xa99 build/stm32f1xx_hal_msp.o
 .debug_info    0x00000000000018b7     0x19c8 build/stm32f1xx_hal_uart.o
 .debug_info    0x000000000000327f      0x7f5 build/stm32f1xx_hal.o
 .debug_info    0x0000000000003a74      0xd42 build/stm32f1xx_hal_rcc.o
 .debug_info    0x00000000000047b6      0x85d build/stm32f1xx_hal_gpio.o
 .debug_info    0x0000000000005013      0xe0c build/stm32f1xx_hal_cortex.o
 .debug_info    0x0000000000005e1f      0x416 build/system_stm32f1xx.o
 .debug_info    0x0000000000006235       0x22 build/startup_stm32f103xb.o
 .debug_info    0x0000000000006257      0x10c /opt/local/lib/gcc/arm-none-eabi/5.4.0/../../../../arm-none-eabi/lib/libc.a(lib_a-init.o)

.debug_abbrev   0x0000000000000000     0x1269
 .debug_abbrev  0x0000000000000000      0x219 build/main.o
 .debug_abbrev  0x0000000000000219       0xb1 build/stm32f1xx_it.o
 .debug_abbrev  0x00000000000002ca      0x1a1 build/stm32f1xx_hal_msp.o
 .debug_abbrev  0x000000000000046b      0x281 build/stm32f1xx_hal_uart.o
 .debug_abbrev  0x00000000000006ec      0x20f build/stm32f1xx_hal.o
 .debug_abbrev  0x00000000000008fb      0x265 build/stm32f1xx_hal_rcc.o
 .debug_abbrev  0x0000000000000b60      0x21e build/stm32f1xx_hal_gpio.o
 .debug_abbrev  0x0000000000000d7e      0x2fd build/stm32f1xx_hal_cortex.o
 .debug_abbrev  0x000000000000107b      0x124 build/system_stm32f1xx.o
 .debug_abbrev  0x000000000000119f       0x12 build/startup_stm32f103xb.o
 .debug_abbrev  0x00000000000011b1       0xb8 /opt/local/lib/gcc/arm-none-eabi/5.4.0/../../../../arm-none-eabi/lib/libc.a(lib_a-init.o)

.debug_loc      0x0000000000000000     0x2fdf
 .debug_loc     0x0000000000000000       0xb1 build/main.o
 .debug_loc     0x00000000000000b1       0x40 build/stm32f1xx_it.o
 .debug_loc     0x00000000000000f1       0xe9 build/stm32f1xx_hal_msp.o
 .debug_loc     0x00000000000001da     0x17e0 build/stm32f1xx_hal_uart.o
 .debug_loc     0x00000000000019ba      0x180 build/stm32f1xx_hal.o
 .debug_loc     0x0000000000001b3a      0x722 build/stm32f1xx_hal_rcc.o
 .debug_loc     0x000000000000225c      0x561 build/stm32f1xx_hal_gpio.o
 .debug_loc     0x00000000000027bd      0x6a1 build/stm32f1xx_hal_cortex.o
 .debug_loc     0x0000000000002e5e       0xdf build/system_stm32f1xx.o
 .debug_loc     0x0000000000002f3d       0xa2 /opt/local/lib/gcc/arm-none-eabi/5.4.0/../../../../arm-none-eabi/lib/libc.a(lib_a-init.o)

.debug_aranges  0x0000000000000000      0x528
 .debug_aranges
                0x0000000000000000       0x48 build/main.o
 .debug_aranges
                0x0000000000000048       0x28 build/stm32f1xx_it.o
 .debug_aranges
                0x0000000000000070       0x30 build/stm32f1xx_hal_msp.o
 .debug_aranges
                0x00000000000000a0      0x1d0 build/stm32f1xx_hal_uart.o
 .debug_aranges
                0x0000000000000270       0xd0 build/stm32f1xx_hal.o
 .debug_aranges
                0x0000000000000340       0x90 build/stm32f1xx_hal_rcc.o
 .debug_aranges
                0x00000000000003d0       0x58 build/stm32f1xx_hal_gpio.o
 .debug_aranges
                0x0000000000000428       0x90 build/stm32f1xx_hal_cortex.o
 .debug_aranges
                0x00000000000004b8       0x28 build/system_stm32f1xx.o
 .debug_aranges
                0x00000000000004e0       0x28 build/startup_stm32f103xb.o
 .debug_aranges
                0x0000000000000508       0x20 /opt/local/lib/gcc/arm-none-eabi/5.4.0/../../../../arm-none-eabi/lib/libc.a(lib_a-init.o)

.debug_ranges   0x0000000000000000      0x488
 .debug_ranges  0x0000000000000000       0x38 build/main.o
 .debug_ranges  0x0000000000000038       0x18 build/stm32f1xx_it.o
 .debug_ranges  0x0000000000000050       0x20 build/stm32f1xx_hal_msp.o
 .debug_ranges  0x0000000000000070      0x1c0 build/stm32f1xx_hal_uart.o
 .debug_ranges  0x0000000000000230       0xc0 build/stm32f1xx_hal.o
 .debug_ranges  0x00000000000002f0       0x98 build/stm32f1xx_hal_rcc.o
 .debug_ranges  0x0000000000000388       0x48 build/stm32f1xx_hal_gpio.o
 .debug_ranges  0x00000000000003d0       0x80 build/stm32f1xx_hal_cortex.o
 .debug_ranges  0x0000000000000450       0x18 build/system_stm32f1xx.o
 .debug_ranges  0x0000000000000468       0x20 build/startup_stm32f103xb.o

.debug_line     0x0000000000000000     0x2399
 .debug_line    0x0000000000000000      0x227 build/main.o
 .debug_line    0x0000000000000227      0x10c build/stm32f1xx_it.o
 .debug_line    0x0000000000000333      0x1a5 build/stm32f1xx_hal_msp.o
 .debug_line    0x00000000000004d8      0xb53 build/stm32f1xx_hal_uart.o
 .debug_line    0x000000000000102b      0x337 build/stm32f1xx_hal.o
 .debug_line    0x0000000000001362      0x627 build/stm32f1xx_hal_rcc.o
 .debug_line    0x0000000000001989      0x401 build/stm32f1xx_hal_gpio.o
 .debug_line    0x0000000000001d8a      0x2fa build/stm32f1xx_hal_cortex.o
 .debug_line    0x0000000000002084      0x114 build/system_stm32f1xx.o
 .debug_line    0x0000000000002198       0x72 build/startup_stm32f103xb.o
 .debug_line    0x000000000000220a      0x18f /opt/local/lib/gcc/arm-none-eabi/5.4.0/../../../../arm-none-eabi/lib/libc.a(lib_a-init.o)

.debug_str      0x0000000000000000     0x1a90
 .debug_str     0x0000000000000000      0xa50 build/main.o
                                        0xabc (size before relaxing)
 .debug_str     0x0000000000000a50       0x74 build/stm32f1xx_it.o
                                        0x1c3 (size before relaxing)
 .debug_str     0x0000000000000ac4       0xa9 build/stm32f1xx_hal_msp.o
                                        0x8fc (size before relaxing)
 .debug_str     0x0000000000000b6d      0x59e build/stm32f1xx_hal_uart.o
                                        0xb26 (size before relaxing)
 .debug_str     0x000000000000110b      0x29a build/stm32f1xx_hal.o
                                        0x7de (size before relaxing)
 .debug_str     0x00000000000013a5      0x1bf build/stm32f1xx_hal_rcc.o
                                        0x5e1 (size before relaxing)
 .debug_str     0x0000000000001564      0x105 build/stm32f1xx_hal_gpio.o
                                        0x3de (size before relaxing)
 .debug_str     0x0000000000001669      0x288 build/stm32f1xx_hal_cortex.o
                                        0x87c (size before relaxing)
 .debug_str     0x00000000000018f1       0x4a build/system_stm32f1xx.o
                                        0x270 (size before relaxing)
 .debug_str     0x000000000000193b       0x22 build/startup_stm32f103xb.o
                                         0x5a (size before relaxing)
 .debug_str     0x000000000000195d      0x133 /opt/local/lib/gcc/arm-none-eabi/5.4.0/../../../../arm-none-eabi/lib/libc.a(lib_a-init.o)
                                        0x1d1 (size before relaxing)

.comment        0x0000000000000000       0x11
 .comment       0x0000000000000000       0x11 build/main.o
                                         0x12 (size before relaxing)
 .comment       0x0000000000000011       0x12 build/stm32f1xx_it.o
 .comment       0x0000000000000011       0x12 build/stm32f1xx_hal_msp.o
 .comment       0x0000000000000011       0x12 build/stm32f1xx_hal_uart.o
 .comment       0x0000000000000011       0x12 build/stm32f1xx_hal.o
 .comment       0x0000000000000011       0x12 build/stm32f1xx_hal_rcc.o
 .comment       0x0000000000000011       0x12 build/stm32f1xx_hal_gpio.o
 .comment       0x0000000000000011       0x12 build/stm32f1xx_hal_cortex.o
 .comment       0x0000000000000011       0x12 build/system_stm32f1xx.o
 .comment       0x0000000000000011       0x12 /opt/local/lib/gcc/arm-none-eabi/5.4.0/../../../../arm-none-eabi/lib/libc.a(lib_a-init.o)

.debug_frame    0x0000000000000000      0xd7c
 .debug_frame   0x0000000000000000       0xa8 build/main.o
 .debug_frame   0x00000000000000a8       0x48 build/stm32f1xx_it.o
 .debug_frame   0x00000000000000f0       0x70 build/stm32f1xx_hal_msp.o
 .debug_frame   0x0000000000000160      0x5a0 build/stm32f1xx_hal_uart.o
 .debug_frame   0x0000000000000700      0x1c0 build/stm32f1xx_hal.o
 .debug_frame   0x00000000000008c0      0x1ac build/stm32f1xx_hal_rcc.o
 .debug_frame   0x0000000000000a6c      0x118 build/stm32f1xx_hal_gpio.o
 .debug_frame   0x0000000000000b84      0x194 build/stm32f1xx_hal_cortex.o
 .debug_frame   0x0000000000000d18       0x30 build/system_stm32f1xx.o
 .debug_frame   0x0000000000000d48       0x34 /opt/local/lib/gcc/arm-none-eabi/5.4.0/../../../../arm-none-eabi/lib/libc.a(lib_a-init.o)

Cross Reference Table

Symbol                                            File
ADC1_2_IRQHandler                                 build/startup_stm32f103xb.o
AHBPrescTable                                     build/system_stm32f1xx.o
                                                  build/stm32f1xx_hal_rcc.o
APBPrescTable                                     build/system_stm32f1xx.o
                                                  build/stm32f1xx_hal_rcc.o
BusFault_Handler                                  build/startup_stm32f103xb.o
CAN1_RX1_IRQHandler                               build/startup_stm32f103xb.o
CAN1_SCE_IRQHandler                               build/startup_stm32f103xb.o
DMA1_Channel1_IRQHandler                          build/startup_stm32f103xb.o
DMA1_Channel2_IRQHandler                          build/startup_stm32f103xb.o
DMA1_Channel3_IRQHandler                          build/startup_stm32f103xb.o
DMA1_Channel4_IRQHandler                          build/startup_stm32f103xb.o
DMA1_Channel5_IRQHandler                          build/startup_stm32f103xb.o
DMA1_Channel6_IRQHandler                          build/startup_stm32f103xb.o
DMA1_Channel7_IRQHandler                          build/startup_stm32f103xb.o
DebugMon_Handler                                  build/startup_stm32f103xb.o
Default_Handler                                   build/startup_stm32f103xb.o
EXTI0_IRQHandler                                  build/startup_stm32f103xb.o
EXTI15_10_IRQHandler                              build/stm32f1xx_it.o
EXTI1_IRQHandler                                  build/startup_stm32f103xb.o
EXTI2_IRQHandler                                  build/startup_stm32f103xb.o
EXTI3_IRQHandler                                  build/startup_stm32f103xb.o
EXTI4_IRQHandler                                  build/startup_stm32f103xb.o
EXTI9_5_IRQHandler                                build/startup_stm32f103xb.o
FLASH_IRQHandler                                  build/startup_stm32f103xb.o
FLASH_PageErase                                   build/stm32f1xx_hal_flash_ex.o
                                                  build/stm32f1xx_hal_flash.o
FLASH_WaitForLastOperation                        build/stm32f1xx_hal_flash.o
                                                  build/stm32f1xx_hal_flash_ex.o
HAL_DBGMCU_DisableDBGSleepMode                    build/stm32f1xx_hal.o
HAL_DBGMCU_DisableDBGStandbyMode                  build/stm32f1xx_hal.o
HAL_DBGMCU_DisableDBGStopMode                     build/stm32f1xx_hal.o
HAL_DBGMCU_EnableDBGSleepMode                     build/stm32f1xx_hal.o
HAL_DBGMCU_EnableDBGStandbyMode                   build/stm32f1xx_hal.o
HAL_DBGMCU_EnableDBGStopMode                      build/stm32f1xx_hal.o
HAL_DMA_Abort                                     build/stm32f1xx_hal_dma.o
                                                  build/stm32f1xx_hal_uart.o
HAL_DMA_Abort_IT                                  build/stm32f1xx_hal_dma.o
                                                  build/stm32f1xx_hal_uart.o
HAL_DMA_DeInit                                    build/stm32f1xx_hal_dma.o
HAL_DMA_GetError                                  build/stm32f1xx_hal_dma.o
HAL_DMA_GetState                                  build/stm32f1xx_hal_dma.o
HAL_DMA_IRQHandler                                build/stm32f1xx_hal_dma.o
HAL_DMA_Init                                      build/stm32f1xx_hal_dma.o
HAL_DMA_PollForTransfer                           build/stm32f1xx_hal_dma.o
HAL_DMA_RegisterCallback                          build/stm32f1xx_hal_dma.o
HAL_DMA_Start                                     build/stm32f1xx_hal_dma.o
HAL_DMA_Start_IT                                  build/stm32f1xx_hal_dma.o
                                                  build/stm32f1xx_hal_uart.o
HAL_DMA_UnRegisterCallback                        build/stm32f1xx_hal_dma.o
HAL_DeInit                                        build/stm32f1xx_hal.o
HAL_Delay                                         build/stm32f1xx_hal.o
HAL_FLASHEx_Erase                                 build/stm32f1xx_hal_flash_ex.o
HAL_FLASHEx_Erase_IT                              build/stm32f1xx_hal_flash_ex.o
HAL_FLASHEx_OBErase                               build/stm32f1xx_hal_flash_ex.o
HAL_FLASHEx_OBGetConfig                           build/stm32f1xx_hal_flash_ex.o
HAL_FLASHEx_OBGetUserData                         build/stm32f1xx_hal_flash_ex.o
HAL_FLASHEx_OBProgram                             build/stm32f1xx_hal_flash_ex.o
HAL_FLASH_EndOfOperationCallback                  build/stm32f1xx_hal_flash.o
HAL_FLASH_GetError                                build/stm32f1xx_hal_flash.o
HAL_FLASH_IRQHandler                              build/stm32f1xx_hal_flash.o
HAL_FLASH_Lock                                    build/stm32f1xx_hal_flash.o
HAL_FLASH_OB_Launch                               build/stm32f1xx_hal_flash.o
HAL_FLASH_OB_Lock                                 build/stm32f1xx_hal_flash.o
HAL_FLASH_OB_Unlock                               build/stm32f1xx_hal_flash.o
HAL_FLASH_OperationErrorCallback                  build/stm32f1xx_hal_flash.o
HAL_FLASH_Program                                 build/stm32f1xx_hal_flash.o
HAL_FLASH_Program_IT                              build/stm32f1xx_hal_flash.o
HAL_FLASH_Unlock                                  build/stm32f1xx_hal_flash.o
HAL_GPIOEx_ConfigEventout                         build/stm32f1xx_hal_gpio_ex.o
HAL_GPIOEx_DisableEventout                        build/stm32f1xx_hal_gpio_ex.o
HAL_GPIOEx_EnableEventout                         build/stm32f1xx_hal_gpio_ex.o
HAL_GPIO_DeInit                                   build/stm32f1xx_hal_gpio.o
                                                  build/stm32f1xx_hal_msp.o
HAL_GPIO_EXTI_Callback                            build/stm32f1xx_hal_gpio.o
HAL_GPIO_EXTI_IRQHandler                          build/stm32f1xx_hal_gpio.o
                                                  build/stm32f1xx_it.o
HAL_GPIO_Init                                     build/stm32f1xx_hal_gpio.o
                                                  build/stm32f1xx_hal_rcc.o
                                                  build/stm32f1xx_hal_msp.o
                                                  build/main.o
HAL_GPIO_LockPin                                  build/stm32f1xx_hal_gpio.o
HAL_GPIO_ReadPin                                  build/stm32f1xx_hal_gpio.o
HAL_GPIO_TogglePin                                build/stm32f1xx_hal_gpio.o
HAL_GPIO_WritePin                                 build/stm32f1xx_hal_gpio.o
                                                  build/main.o
HAL_GetDEVID                                      build/stm32f1xx_hal.o
HAL_GetHalVersion                                 build/stm32f1xx_hal.o
HAL_GetREVID                                      build/stm32f1xx_hal.o
HAL_GetTick                                       build/stm32f1xx_hal.o
                                                  build/stm32f1xx_hal_flash.o
                                                  build/stm32f1xx_hal_dma.o
                                                  build/stm32f1xx_hal_rcc_ex.o
                                                  build/stm32f1xx_hal_rcc.o
                                                  build/stm32f1xx_hal_uart.o
HAL_GetTickFreq                                   build/stm32f1xx_hal.o
HAL_GetTickPrio                                   build/stm32f1xx_hal.o
HAL_GetUID                                        build/stm32f1xx_hal.o
HAL_HalfDuplex_EnableReceiver                     build/stm32f1xx_hal_uart.o
HAL_HalfDuplex_EnableTransmitter                  build/stm32f1xx_hal_uart.o
HAL_HalfDuplex_Init                               build/stm32f1xx_hal_uart.o
HAL_IncTick                                       build/stm32f1xx_hal.o
                                                  build/stm32f1xx_it.o
HAL_Init                                          build/stm32f1xx_hal.o
                                                  build/main.o
HAL_InitTick                                      build/stm32f1xx_hal.o
                                                  build/stm32f1xx_hal_rcc.o
HAL_LIN_Init                                      build/stm32f1xx_hal_uart.o
HAL_LIN_SendBreak                                 build/stm32f1xx_hal_uart.o
HAL_MspDeInit                                     build/stm32f1xx_hal.o
HAL_MspInit                                       build/stm32f1xx_hal_msp.o
HAL_MultiProcessor_EnterMuteMode                  build/stm32f1xx_hal_uart.o
HAL_MultiProcessor_ExitMuteMode                   build/stm32f1xx_hal_uart.o
HAL_MultiProcessor_Init                           build/stm32f1xx_hal_uart.o
HAL_NVIC_ClearPendingIRQ                          build/stm32f1xx_hal_cortex.o
HAL_NVIC_DisableIRQ                               build/stm32f1xx_hal_cortex.o
HAL_NVIC_EnableIRQ                                build/stm32f1xx_hal_cortex.o
                                                  build/main.o
HAL_NVIC_GetActive                                build/stm32f1xx_hal_cortex.o
HAL_NVIC_GetPendingIRQ                            build/stm32f1xx_hal_cortex.o
HAL_NVIC_GetPriority                              build/stm32f1xx_hal_cortex.o
HAL_NVIC_GetPriorityGrouping                      build/stm32f1xx_hal_cortex.o
HAL_NVIC_SetPendingIRQ                            build/stm32f1xx_hal_cortex.o
HAL_NVIC_SetPriority                              build/stm32f1xx_hal_cortex.o
                                                  build/stm32f1xx_hal.o
                                                  build/stm32f1xx_hal_msp.o
                                                  build/main.o
HAL_NVIC_SetPriorityGrouping                      build/stm32f1xx_hal_cortex.o
                                                  build/stm32f1xx_hal.o
                                                  build/stm32f1xx_hal_msp.o
HAL_NVIC_SystemReset                              build/stm32f1xx_hal_cortex.o
                                                  build/stm32f1xx_hal_flash.o
HAL_PWR_ConfigPVD                                 build/stm32f1xx_hal_pwr.o
HAL_PWR_DeInit                                    build/stm32f1xx_hal_pwr.o
HAL_PWR_DisableBkUpAccess                         build/stm32f1xx_hal_pwr.o
HAL_PWR_DisablePVD                                build/stm32f1xx_hal_pwr.o
HAL_PWR_DisableSEVOnPend                          build/stm32f1xx_hal_pwr.o
HAL_PWR_DisableSleepOnExit                        build/stm32f1xx_hal_pwr.o
HAL_PWR_DisableWakeUpPin                          build/stm32f1xx_hal_pwr.o
HAL_PWR_EnableBkUpAccess                          build/stm32f1xx_hal_pwr.o
HAL_PWR_EnablePVD                                 build/stm32f1xx_hal_pwr.o
HAL_PWR_EnableSEVOnPend                           build/stm32f1xx_hal_pwr.o
HAL_PWR_EnableSleepOnExit                         build/stm32f1xx_hal_pwr.o
HAL_PWR_EnableWakeUpPin                           build/stm32f1xx_hal_pwr.o
HAL_PWR_EnterSLEEPMode                            build/stm32f1xx_hal_pwr.o
HAL_PWR_EnterSTANDBYMode                          build/stm32f1xx_hal_pwr.o
HAL_PWR_EnterSTOPMode                             build/stm32f1xx_hal_pwr.o
HAL_PWR_PVDCallback                               build/stm32f1xx_hal_pwr.o
HAL_PWR_PVD_IRQHandler                            build/stm32f1xx_hal_pwr.o
HAL_RCCEx_GetPeriphCLKConfig                      build/stm32f1xx_hal_rcc_ex.o
HAL_RCCEx_GetPeriphCLKFreq                        build/stm32f1xx_hal_rcc_ex.o
HAL_RCCEx_PeriphCLKConfig                         build/stm32f1xx_hal_rcc_ex.o
HAL_RCC_CSSCallback                               build/stm32f1xx_hal_rcc.o
HAL_RCC_ClockConfig                               build/stm32f1xx_hal_rcc.o
                                                  build/main.o
HAL_RCC_DeInit                                    build/stm32f1xx_hal_rcc.o
HAL_RCC_DisableCSS                                build/stm32f1xx_hal_rcc.o
HAL_RCC_EnableCSS                                 build/stm32f1xx_hal_rcc.o
HAL_RCC_GetClockConfig                            build/stm32f1xx_hal_rcc.o
HAL_RCC_GetHCLKFreq                               build/stm32f1xx_hal_rcc.o
                                                  build/main.o
HAL_RCC_GetOscConfig                              build/stm32f1xx_hal_rcc.o
HAL_RCC_GetPCLK1Freq                              build/stm32f1xx_hal_rcc.o
                                                  build/stm32f1xx_hal_uart.o
HAL_RCC_GetPCLK2Freq                              build/stm32f1xx_hal_rcc.o
                                                  build/stm32f1xx_hal_rcc_ex.o
                                                  build/stm32f1xx_hal_uart.o
HAL_RCC_GetSysClockFreq                           build/stm32f1xx_hal_rcc.o
HAL_RCC_MCOConfig                                 build/stm32f1xx_hal_rcc.o
HAL_RCC_NMI_IRQHandler                            build/stm32f1xx_hal_rcc.o
HAL_RCC_OscConfig                                 build/stm32f1xx_hal_rcc.o
                                                  build/main.o
HAL_ResumeTick                                    build/stm32f1xx_hal.o
HAL_SYSTICK_CLKSourceConfig                       build/stm32f1xx_hal_cortex.o
                                                  build/main.o
HAL_SYSTICK_Callback                              build/stm32f1xx_hal_cortex.o
HAL_SYSTICK_Config                                build/stm32f1xx_hal_cortex.o
                                                  build/stm32f1xx_hal.o
                                                  build/main.o
HAL_SYSTICK_IRQHandler                            build/stm32f1xx_hal_cortex.o
                                                  build/stm32f1xx_it.o
HAL_SetTickFreq                                   build/stm32f1xx_hal.o
HAL_SuspendTick                                   build/stm32f1xx_hal.o
HAL_UART_Abort                                    build/stm32f1xx_hal_uart.o
HAL_UART_AbortCpltCallback                        build/stm32f1xx_hal_uart.o
HAL_UART_AbortReceive                             build/stm32f1xx_hal_uart.o
HAL_UART_AbortReceiveCpltCallback                 build/stm32f1xx_hal_uart.o
HAL_UART_AbortReceive_IT                          build/stm32f1xx_hal_uart.o
HAL_UART_AbortTransmit                            build/stm32f1xx_hal_uart.o
HAL_UART_AbortTransmitCpltCallback                build/stm32f1xx_hal_uart.o
HAL_UART_AbortTransmit_IT                         build/stm32f1xx_hal_uart.o
HAL_UART_Abort_IT                                 build/stm32f1xx_hal_uart.o
HAL_UART_DMAPause                                 build/stm32f1xx_hal_uart.o
HAL_UART_DMAResume                                build/stm32f1xx_hal_uart.o
HAL_UART_DMAStop                                  build/stm32f1xx_hal_uart.o
HAL_UART_DeInit                                   build/stm32f1xx_hal_uart.o
HAL_UART_ErrorCallback                            build/stm32f1xx_hal_uart.o
HAL_UART_GetError                                 build/stm32f1xx_hal_uart.o
HAL_UART_GetState                                 build/stm32f1xx_hal_uart.o
HAL_UART_IRQHandler                               build/stm32f1xx_hal_uart.o
HAL_UART_Init                                     build/stm32f1xx_hal_uart.o
                                                  build/main.o
HAL_UART_MspDeInit                                build/stm32f1xx_hal_msp.o
HAL_UART_MspInit                                  build/stm32f1xx_hal_msp.o
HAL_UART_Receive                                  build/stm32f1xx_hal_uart.o
HAL_UART_Receive_DMA                              build/stm32f1xx_hal_uart.o
HAL_UART_Receive_IT                               build/stm32f1xx_hal_uart.o
HAL_UART_RxCpltCallback                           build/stm32f1xx_hal_uart.o
HAL_UART_RxHalfCpltCallback                       build/stm32f1xx_hal_uart.o
HAL_UART_Transmit                                 build/stm32f1xx_hal_uart.o
HAL_UART_Transmit_DMA                             build/stm32f1xx_hal_uart.o
HAL_UART_Transmit_IT                              build/stm32f1xx_hal_uart.o
HAL_UART_TxCpltCallback                           build/stm32f1xx_hal_uart.o
HAL_UART_TxHalfCpltCallback                       build/stm32f1xx_hal_uart.o
HardFault_Handler                                 build/startup_stm32f103xb.o
I2C1_ER_IRQHandler                                build/startup_stm32f103xb.o
I2C1_EV_IRQHandler                                build/startup_stm32f103xb.o
I2C2_ER_IRQHandler                                build/startup_stm32f103xb.o
I2C2_EV_IRQHandler                                build/startup_stm32f103xb.o
MemManage_Handler                                 build/startup_stm32f103xb.o
NMI_Handler                                       build/startup_stm32f103xb.o
PVD_IRQHandler                                    build/startup_stm32f103xb.o
PendSV_Handler                                    build/startup_stm32f103xb.o
RCC_IRQHandler                                    build/startup_stm32f103xb.o
RTC_Alarm_IRQHandler                              build/startup_stm32f103xb.o
RTC_IRQHandler                                    build/startup_stm32f103xb.o
Reset_Handler                                     build/startup_stm32f103xb.o
SPI1_IRQHandler                                   build/startup_stm32f103xb.o
SPI2_IRQHandler                                   build/startup_stm32f103xb.o
SVC_Handler                                       build/startup_stm32f103xb.o
SysTick_Handler                                   build/stm32f1xx_it.o
SystemClock_Config                                build/main.o
SystemCoreClock                                   build/system_stm32f1xx.o
                                                  build/stm32f1xx_hal_rcc.o
                                                  build/stm32f1xx_hal.o
SystemCoreClockUpdate                             build/system_stm32f1xx.o
SystemInit                                        build/system_stm32f1xx.o
                                                  build/startup_stm32f103xb.o
TAMPER_IRQHandler                                 build/startup_stm32f103xb.o
TIM1_BRK_IRQHandler                               build/startup_stm32f103xb.o
TIM1_CC_IRQHandler                                build/startup_stm32f103xb.o
TIM1_TRG_COM_IRQHandler                           build/startup_stm32f103xb.o
TIM1_UP_IRQHandler                                build/startup_stm32f103xb.o
TIM2_IRQHandler                                   build/startup_stm32f103xb.o
TIM3_IRQHandler                                   build/startup_stm32f103xb.o
TIM4_IRQHandler                                   build/startup_stm32f103xb.o
USART1_IRQHandler                                 build/startup_stm32f103xb.o
USART2_IRQHandler                                 build/startup_stm32f103xb.o
USART3_IRQHandler                                 build/startup_stm32f103xb.o
USBWakeUp_IRQHandler                              build/startup_stm32f103xb.o
USB_HP_CAN1_TX_IRQHandler                         build/startup_stm32f103xb.o
USB_LP_CAN1_RX0_IRQHandler                        build/startup_stm32f103xb.o
UsageFault_Handler                                build/startup_stm32f103xb.o
WWDG_IRQHandler                                   build/startup_stm32f103xb.o
_Error_Handler                                    build/main.o
__init_array_end                                  /opt/local/lib/gcc/arm-none-eabi/5.4.0/../../../../arm-none-eabi/lib/libc.a(lib_a-init.o)
__init_array_start                                /opt/local/lib/gcc/arm-none-eabi/5.4.0/../../../../arm-none-eabi/lib/libc.a(lib_a-init.o)
__libc_init_array                                 /opt/local/lib/gcc/arm-none-eabi/5.4.0/../../../../arm-none-eabi/lib/libc.a(lib_a-init.o)
                                                  build/startup_stm32f103xb.o
__preinit_array_end                               /opt/local/lib/gcc/arm-none-eabi/5.4.0/../../../../arm-none-eabi/lib/libc.a(lib_a-init.o)
__preinit_array_start                             /opt/local/lib/gcc/arm-none-eabi/5.4.0/../../../../arm-none-eabi/lib/libc.a(lib_a-init.o)
_ebss                                             build/startup_stm32f103xb.o
_edata                                            build/startup_stm32f103xb.o
_estack                                           build/startup_stm32f103xb.o
_init                                             /opt/local/lib/gcc/arm-none-eabi/5.4.0/../../../../arm-none-eabi/lib/libc.a(lib_a-init.o)
_sbss                                             build/startup_stm32f103xb.o
_sdata                                            build/startup_stm32f103xb.o
_sidata                                           build/startup_stm32f103xb.o
assert_failed                                     build/main.o
                                                  build/stm32f1xx_hal_flash_ex.o
                                                  build/stm32f1xx_hal_flash.o
                                                  build/stm32f1xx_hal_pwr.o
                                                  build/stm32f1xx_hal_cortex.o
                                                  build/stm32f1xx_hal_dma.o
                                                  build/stm32f1xx_hal_gpio.o
                                                  build/stm32f1xx_hal_rcc_ex.o
                                                  build/stm32f1xx_hal_rcc.o
                                                  build/stm32f1xx_hal.o
                                                  build/stm32f1xx_hal_uart.o
                                                  build/stm32f1xx_hal_gpio_ex.o
g_pfnVectors                                      build/startup_stm32f103xb.o
huart2                                            build/main.o
main                                              build/main.o
                                                  build/startup_stm32f103xb.o
pFlash                                            build/stm32f1xx_hal_flash.o
                                                  build/stm32f1xx_hal_flash_ex.o
uwTick                                            build/stm32f1xx_hal.o
uwTickFreq                                        build/stm32f1xx_hal.o
uwTickPrio                                        build/stm32f1xx_hal.o
