
Allocating common symbols
Common symbol       size              file

cmd_size            0x4               Menu_Command.o
cmd                 0x80              Menu_Command.o

Discarded input sections

 .text          0x00000000        0x0 Hw_StartUp.o
 .data          0x00000000        0x0 Hw_StartUp.o
 .bss           0x00000000        0x0 Hw_StartUp.o
 .data.ADCPrescTable
                0x00000000        0x4 Hw_StartUp.o
 .bss.count_sys
                0x00000000        0x1 Hw_StartUp.o
 .data.APBAHBPrescTable
                0x00000000       0x10 Hw_StartUp.o
 .text          0x00000000        0x0 Hw.o
 .data          0x00000000        0x0 Hw.o
 .bss           0x00000000        0x0 Hw.o
 .data.ADCPrescTable
                0x00000000        0x4 Hw.o
 .bss.count_sys
                0x00000000        0x1 Hw.o
 .data.APBAHBPrescTable
                0x00000000       0x10 Hw.o
 .text          0x00000000        0x0 Hw_Rcc.o
 .data          0x00000000        0x0 Hw_Rcc.o
 .bss           0x00000000        0x0 Hw_Rcc.o
 .text.RCC_DeInit
                0x00000000       0x40 Hw_Rcc.o
 .text.RCC_HSEConfig
                0x00000000       0x38 Hw_Rcc.o
 .text.RCC_AdjustHSICalibrationValue
                0x00000000       0x14 Hw_Rcc.o
 .text.RCC_HSICmd
                0x00000000        0xc Hw_Rcc.o
 .text.RCC_PLLConfig
                0x00000000       0x14 Hw_Rcc.o
 .text.RCC_PLLCmd
                0x00000000        0xc Hw_Rcc.o
 .text.RCC_SYSCLKConfig
                0x00000000       0x14 Hw_Rcc.o
 .text.RCC_GetSYSCLKSource
                0x00000000       0x10 Hw_Rcc.o
 .text.RCC_HCLKConfig
                0x00000000       0x14 Hw_Rcc.o
 .text.RCC_PCLK1Config
                0x00000000       0x14 Hw_Rcc.o
 .text.RCC_PCLK2Config
                0x00000000       0x14 Hw_Rcc.o
 .text.RCC_ITConfig
                0x00000000       0x18 Hw_Rcc.o
 .text.RCC_USBCLKConfig
                0x00000000        0xc Hw_Rcc.o
 .text.RCC_ADCCLKConfig
                0x00000000       0x14 Hw_Rcc.o
 .text.RCC_LSEConfig
                0x00000000       0x20 Hw_Rcc.o
 .text.RCC_LSICmd
                0x00000000        0xc Hw_Rcc.o
 .text.RCC_RTCCLKConfig
                0x00000000       0x10 Hw_Rcc.o
 .text.RCC_RTCCLKCmd
                0x00000000        0xc Hw_Rcc.o
 .text.RCC_AHBPeriphClockCmd
                0x00000000       0x18 Hw_Rcc.o
 .text.RCC_APB1PeriphClockCmd
                0x00000000       0x18 Hw_Rcc.o
 .text.RCC_APB2PeriphResetCmd
                0x00000000       0x18 Hw_Rcc.o
 .text.RCC_APB1PeriphResetCmd
                0x00000000       0x18 Hw_Rcc.o
 .text.RCC_BackupResetCmd
                0x00000000        0xc Hw_Rcc.o
 .text.RCC_ClockSecuritySystemCmd
                0x00000000        0xc Hw_Rcc.o
 .text.RCC_MCOConfig
                0x00000000        0xc Hw_Rcc.o
 .text.RCC_GetFlagStatus
                0x00000000       0x34 Hw_Rcc.o
 .text.RCC_ClearFlag
                0x00000000       0x10 Hw_Rcc.o
 .text.RCC_GetITStatus
                0x00000000       0x14 Hw_Rcc.o
 .text.RCC_ClearITPendingBit
                0x00000000        0xc Hw_Rcc.o
 .text.HSI_Init
                0x00000000       0x94 Hw_Rcc.o
 .bss.count_sys
                0x00000000        0x1 Hw_Rcc.o
 .text          0x00000000        0x0 Hw_GPIO.o
 .data          0x00000000        0x0 Hw_GPIO.o
 .bss           0x00000000        0x0 Hw_GPIO.o
 .text.GPIO_DeInit
                0x00000000       0xc4 Hw_GPIO.o
 .text.GPIO_AFIODeInit
                0x00000000       0x18 Hw_GPIO.o
 .text.GPIO_StructInit
                0x00000000       0x10 Hw_GPIO.o
 .text.GPIO_ReadInputDataBit
                0x00000000        0xc Hw_GPIO.o
 .text.GPIO_ReadInputData
                0x00000000        0x8 Hw_GPIO.o
 .text.GPIO_ReadOutputDataBit
                0x00000000        0xc Hw_GPIO.o
 .text.GPIO_ReadOutputData
                0x00000000        0x8 Hw_GPIO.o
 .text.GPIO_SetBits
                0x00000000        0x4 Hw_GPIO.o
 .text.GPIO_ResetBits
                0x00000000        0x4 Hw_GPIO.o
 .text.GPIO_WriteBit
                0x00000000        0xc Hw_GPIO.o
 .text.GPIO_Write
                0x00000000        0x4 Hw_GPIO.o
 .text.GPIO_PinLockConfig
                0x00000000       0x10 Hw_GPIO.o
 .text.GPIO_EventOutputConfig
                0x00000000       0x20 Hw_GPIO.o
 .text.GPIO_EventOutputCmd
                0x00000000        0xc Hw_GPIO.o
 .text.GPIO_PinRemapConfig
                0x00000000       0x6c Hw_GPIO.o
 .text.GPIO_EXTILineConfig
                0x00000000       0x30 Hw_GPIO.o
 .text.GPIO_ETH_MediaInterfaceConfig
                0x00000000        0xc Hw_GPIO.o
 .data.ADCPrescTable
                0x00000000        0x4 Hw_GPIO.o
 .bss.count_sys
                0x00000000        0x1 Hw_GPIO.o
 .data.APBAHBPrescTable
                0x00000000       0x10 Hw_GPIO.o
 .text          0x00000000        0x0 Hw_Usart.o
 .data          0x00000000        0x0 Hw_Usart.o
 .bss           0x00000000        0x0 Hw_Usart.o
 .text.USART_DeInit
                0x00000000       0xa4 Hw_Usart.o
 .text.USART_StructInit
                0x00000000       0x18 Hw_Usart.o
 .text.USART_ClockInit
                0x00000000       0x24 Hw_Usart.o
 .text.USART_ClockStructInit
                0x00000000        0xc Hw_Usart.o
 .text.USART_Cmd
                0x00000000       0x1c Hw_Usart.o
 .text.USART_ITConfig
                0x00000000       0x74 Hw_Usart.o
 .text.USART_DMACmd
                0x00000000       0x14 Hw_Usart.o
 .text.USART_SetAddress
                0x00000000       0x18 Hw_Usart.o
 .text.USART_WakeUpConfig
                0x00000000       0x18 Hw_Usart.o
 .text.USART_ReceiverWakeUpCmd
                0x00000000       0x1c Hw_Usart.o
 .text.USART_LINBreakDetectLengthConfig
                0x00000000       0x18 Hw_Usart.o
 .text.USART_LINCmd
                0x00000000       0x1c Hw_Usart.o
 .text.USART_SendData
                0x00000000        0x8 Hw_Usart.o
 .text.USART_ReceiveData
                0x00000000        0x8 Hw_Usart.o
 .text.USART_SendBreak
                0x00000000        0xc Hw_Usart.o
 .text.USART_SetGuardTime
                0x00000000       0x14 Hw_Usart.o
 .text.USART_SetPrescaler
                0x00000000       0x14 Hw_Usart.o
 .text.USART_SmartCardCmd
                0x00000000       0x1c Hw_Usart.o
 .text.USART_SmartCardNACKCmd
                0x00000000       0x1c Hw_Usart.o
 .text.USART_HalfDuplexCmd
                0x00000000       0x1c Hw_Usart.o
 .text.USART_OverSampling8Cmd
                0x00000000       0x1c Hw_Usart.o
 .text.USART_OneBitMethodCmd
                0x00000000       0x1c Hw_Usart.o
 .text.USART_IrDAConfig
                0x00000000       0x18 Hw_Usart.o
 .text.USART_IrDACmd
                0x00000000       0x1c Hw_Usart.o
 .text.USART_GetFlagStatus
                0x00000000        0xc Hw_Usart.o
 .text.USART_ClearFlag
                0x00000000        0x8 Hw_Usart.o
 .text.USART_GetITStatus
                0x00000000       0x4c Hw_Usart.o
 .text.USART_ClearITPendingBit
                0x00000000       0x10 Hw_Usart.o
 .data.ADCPrescTable
                0x00000000        0x4 Hw_Usart.o
 .bss.count_sys
                0x00000000        0x1 Hw_Usart.o
 .data.APBAHBPrescTable
                0x00000000       0x10 Hw_Usart.o
 .text          0x00000000        0x0 Hw_TIM.o
 .data          0x00000000        0x0 Hw_TIM.o
 .bss           0x00000000        0x0 Hw_TIM.o
 .text.TI1_Config
                0x00000000       0x78 Hw_TIM.o
 .text.TI2_Config
                0x00000000       0x80 Hw_TIM.o
 .text.TIM_DeInit
                0x00000000      0x1f0 Hw_TIM.o
 .text.TIM_TimeBaseInit
                0x00000000       0xb0 Hw_TIM.o
 .text.TIM_OC1Init
                0x00000000       0x90 Hw_TIM.o
 .text.TIM_OC2Init
                0x00000000       0x8c Hw_TIM.o
 .text.TIM_OC3Init
                0x00000000       0x88 Hw_TIM.o
 .text.TIM_OC4Init
                0x00000000       0x70 Hw_TIM.o
 .text.TIM_ICInit
                0x00000000      0x184 Hw_TIM.o
 .text.TIM_PWMIConfig
                0x00000000       0xb4 Hw_TIM.o
 .text.TIM_BDTRConfig
                0x00000000       0x28 Hw_TIM.o
 .text.TIM_TimeBaseStructInit
                0x00000000       0x14 Hw_TIM.o
 .text.TIM_OCStructInit
                0x00000000       0x14 Hw_TIM.o
 .text.TIM_ICStructInit
                0x00000000       0x10 Hw_TIM.o
 .text.TIM_BDTRStructInit
                0x00000000       0x14 Hw_TIM.o
 .text.TIM_Cmd  0x00000000       0x1c Hw_TIM.o
 .text.TIM_CtrlPWMOutputs
                0x00000000       0x20 Hw_TIM.o
 .text.TIM_ITConfig
                0x00000000       0x14 Hw_TIM.o
 .text.TIM_GenerateEvent
                0x00000000        0x4 Hw_TIM.o
 .text.TIM_DMAConfig
                0x00000000        0x8 Hw_TIM.o
 .text.TIM_DMACmd
                0x00000000       0x14 Hw_TIM.o
 .text.TIM_InternalClockConfig
                0x00000000       0x10 Hw_TIM.o
 .text.TIM_ITRxExternalClockConfig
                0x00000000       0x1c Hw_TIM.o
 .text.TIM_TIxExternalClockConfig
                0x00000000       0x3c Hw_TIM.o
 .text.TIM_ETRClockMode1Config
                0x00000000       0x28 Hw_TIM.o
 .text.TIM_ETRClockMode2Config
                0x00000000       0x24 Hw_TIM.o
 .text.TIM_ETRConfig
                0x00000000       0x18 Hw_TIM.o
 .text.TIM_PrescalerConfig
                0x00000000        0x8 Hw_TIM.o
 .text.TIM_CounterModeConfig
                0x00000000       0x10 Hw_TIM.o
 .text.TIM_SelectInputTrigger
                0x00000000       0x10 Hw_TIM.o
 .text.TIM_EncoderInterfaceConfig
                0x00000000       0x40 Hw_TIM.o
 .text.TIM_ForcedOC1Config
                0x00000000       0x10 Hw_TIM.o
 .text.TIM_ForcedOC2Config
                0x00000000       0x14 Hw_TIM.o
 .text.TIM_ForcedOC3Config
                0x00000000       0x10 Hw_TIM.o
 .text.TIM_ForcedOC4Config
                0x00000000       0x14 Hw_TIM.o
 .text.TIM_ARRPreloadConfig
                0x00000000       0x1c Hw_TIM.o
 .text.TIM_SelectCOM
                0x00000000       0x1c Hw_TIM.o
 .text.TIM_SelectCCDMA
                0x00000000       0x1c Hw_TIM.o
 .text.TIM_CCPreloadControl
                0x00000000       0x1c Hw_TIM.o
 .text.TIM_OC1PreloadConfig
                0x00000000       0x10 Hw_TIM.o
 .text.TIM_OC2PreloadConfig
                0x00000000       0x14 Hw_TIM.o
 .text.TIM_OC3PreloadConfig
                0x00000000       0x10 Hw_TIM.o
 .text.TIM_OC4PreloadConfig
                0x00000000       0x14 Hw_TIM.o
 .text.TIM_OC1FastConfig
                0x00000000       0x10 Hw_TIM.o
 .text.TIM_OC2FastConfig
                0x00000000       0x14 Hw_TIM.o
 .text.TIM_OC3FastConfig
                0x00000000       0x10 Hw_TIM.o
 .text.TIM_OC4FastConfig
                0x00000000       0x14 Hw_TIM.o
 .text.TIM_ClearOC1Ref
                0x00000000       0x10 Hw_TIM.o
 .text.TIM_ClearOC2Ref
                0x00000000       0x10 Hw_TIM.o
 .text.TIM_ClearOC3Ref
                0x00000000       0x10 Hw_TIM.o
 .text.TIM_ClearOC4Ref
                0x00000000       0x10 Hw_TIM.o
 .text.TIM_OC1PolarityConfig
                0x00000000       0x10 Hw_TIM.o
 .text.TIM_OC1NPolarityConfig
                0x00000000       0x10 Hw_TIM.o
 .text.TIM_OC2PolarityConfig
                0x00000000       0x14 Hw_TIM.o
 .text.TIM_OC2NPolarityConfig
                0x00000000       0x14 Hw_TIM.o
 .text.TIM_OC3PolarityConfig
                0x00000000       0x14 Hw_TIM.o
 .text.TIM_OC3NPolarityConfig
                0x00000000       0x14 Hw_TIM.o
 .text.TIM_OC4PolarityConfig
                0x00000000       0x14 Hw_TIM.o
 .text.TIM_CCxCmd
                0x00000000       0x20 Hw_TIM.o
 .text.TIM_CCxNCmd
                0x00000000       0x20 Hw_TIM.o
 .text.TIM_SelectOCxM
                0x00000000       0x4c Hw_TIM.o
 .text.TIM_UpdateDisableConfig
                0x00000000       0x1c Hw_TIM.o
 .text.TIM_UpdateRequestConfig
                0x00000000       0x1c Hw_TIM.o
 .text.TIM_SelectHallSensor
                0x00000000       0x1c Hw_TIM.o
 .text.TIM_SelectOnePulseMode
                0x00000000       0x18 Hw_TIM.o
 .text.TIM_SelectOutputTrigger
                0x00000000       0x18 Hw_TIM.o
 .text.TIM_SelectSlaveMode
                0x00000000       0x18 Hw_TIM.o
 .text.TIM_SelectMasterSlaveMode
                0x00000000       0x18 Hw_TIM.o
 .text.TIM_SetCounter
                0x00000000        0x4 Hw_TIM.o
 .text.TIM_SetAutoreload
                0x00000000        0x4 Hw_TIM.o
 .text.TIM_SetCompare1
                0x00000000        0x4 Hw_TIM.o
 .text.TIM_SetCompare2
                0x00000000        0x4 Hw_TIM.o
 .text.TIM_SetCompare3
                0x00000000        0x4 Hw_TIM.o
 .text.TIM_SetCompare4
                0x00000000        0x8 Hw_TIM.o
 .text.TIM_SetIC1Prescaler
                0x00000000       0x18 Hw_TIM.o
 .text.TIM_SetIC2Prescaler
                0x00000000       0x1c Hw_TIM.o
 .text.TIM_SetIC3Prescaler
                0x00000000       0x18 Hw_TIM.o
 .text.TIM_SetIC4Prescaler
                0x00000000       0x1c Hw_TIM.o
 .text.TIM_SetClockDivision
                0x00000000       0x18 Hw_TIM.o
 .text.TIM_GetCapture1
                0x00000000        0x8 Hw_TIM.o
 .text.TIM_GetCapture2
                0x00000000        0x8 Hw_TIM.o
 .text.TIM_GetCapture3
                0x00000000        0x8 Hw_TIM.o
 .text.TIM_GetCapture4
                0x00000000        0x8 Hw_TIM.o
 .text.TIM_GetCounter
                0x00000000        0x8 Hw_TIM.o
 .text.TIM_GetPrescaler
                0x00000000        0x8 Hw_TIM.o
 .text.TIM_GetFlagStatus
                0x00000000        0xc Hw_TIM.o
 .text.TIM_ClearFlag
                0x00000000        0x8 Hw_TIM.o
 .text.TIM_GetITStatus
                0x00000000       0x18 Hw_TIM.o
 .text.TIM_ClearITPendingBit
                0x00000000        0x8 Hw_TIM.o
 .data.ADCPrescTable
                0x00000000        0x4 Hw_TIM.o
 .bss.count_sys
                0x00000000        0x1 Hw_TIM.o
 .data.APBAHBPrescTable
                0x00000000       0x10 Hw_TIM.o
 .debug_info    0x00000000     0x25ab Hw_TIM.o
 .debug_abbrev  0x00000000      0x2b8 Hw_TIM.o
 .debug_loc     0x00000000     0x20c2 Hw_TIM.o
 .debug_aranges
                0x00000000      0x2e0 Hw_TIM.o
 .debug_ranges  0x00000000      0x3e8 Hw_TIM.o
 .debug_line    0x00000000      0xc7a Hw_TIM.o
 .debug_str     0x00000000      0xe36 Hw_TIM.o
 .comment       0x00000000       0x71 Hw_TIM.o
 .debug_frame   0x00000000      0x734 Hw_TIM.o
 .ARM.attributes
                0x00000000       0x33 Hw_TIM.o
 .text          0x00000000        0x0 Hw_EXTI.o
 .data          0x00000000        0x0 Hw_EXTI.o
 .bss           0x00000000        0x0 Hw_EXTI.o
 .text.EXTI_DeInit
                0x00000000       0x1c Hw_EXTI.o
 .text.EXTI_Init
                0x00000000       0x7c Hw_EXTI.o
 .text.EXTI_StructInit
                0x00000000       0x10 Hw_EXTI.o
 .text.EXTI_GenerateSWInterrupt
                0x00000000       0x10 Hw_EXTI.o
 .text.EXTI_GetFlagStatus
                0x00000000       0x14 Hw_EXTI.o
 .text.EXTI_ClearFlag
                0x00000000        0xc Hw_EXTI.o
 .text.EXTI_GetITStatus
                0x00000000       0x1c Hw_EXTI.o
 .text.EXTI_ClearITPendingBit
                0x00000000        0xc Hw_EXTI.o
 .data.ADCPrescTable
                0x00000000        0x4 Hw_EXTI.o
 .bss.count_sys
                0x00000000        0x1 Hw_EXTI.o
 .data.APBAHBPrescTable
                0x00000000       0x10 Hw_EXTI.o
 .debug_info    0x00000000      0x3e0 Hw_EXTI.o
 .debug_abbrev  0x00000000      0x174 Hw_EXTI.o
 .debug_loc     0x00000000      0x23a Hw_EXTI.o
 .debug_aranges
                0x00000000       0x58 Hw_EXTI.o
 .debug_ranges  0x00000000       0x48 Hw_EXTI.o
 .debug_line    0x00000000      0x1f9 Hw_EXTI.o
 .debug_str     0x00000000      0x3b4 Hw_EXTI.o
 .comment       0x00000000       0x71 Hw_EXTI.o
 .debug_frame   0x00000000       0xbc Hw_EXTI.o
 .ARM.attributes
                0x00000000       0x33 Hw_EXTI.o
 .text          0x00000000        0x0 Hw_IRQ.o
 .data          0x00000000        0x0 Hw_IRQ.o
 .bss           0x00000000        0x0 Hw_IRQ.o
 .data.ADCPrescTable
                0x00000000        0x4 Hw_IRQ.o
 .bss.count_sys
                0x00000000        0x1 Hw_IRQ.o
 .data.APBAHBPrescTable
                0x00000000       0x10 Hw_IRQ.o
 .text          0x00000000        0x0 Hw_NVIC.o
 .data          0x00000000        0x0 Hw_NVIC.o
 .bss           0x00000000        0x0 Hw_NVIC.o
 .text.NVIC_Init.part.0
                0x00000000       0x4c Hw_NVIC.o
 .text.NVIC_SetVectorTable
                0x00000000       0x14 Hw_NVIC.o
 .text.NVIC_SetPriority
                0x00000000       0x2c Hw_NVIC.o
 .text.NVIC_PriorityGroupConfig
                0x00000000       0x14 Hw_NVIC.o
 .text.NVIC_Init
                0x00000000       0x2c Hw_NVIC.o
 .text.NVIC_Configuration
                0x00000000       0x8c Hw_NVIC.o
 .data.ADCPrescTable
                0x00000000        0x4 Hw_NVIC.o
 .bss.count_sys
                0x00000000        0x1 Hw_NVIC.o
 .data.APBAHBPrescTable
                0x00000000       0x10 Hw_NVIC.o
 .debug_info    0x00000000      0x856 Hw_NVIC.o
 .debug_abbrev  0x00000000      0x1f1 Hw_NVIC.o
 .debug_loc     0x00000000      0x38f Hw_NVIC.o
 .debug_aranges
                0x00000000       0x48 Hw_NVIC.o
 .debug_ranges  0x00000000       0xb0 Hw_NVIC.o
 .debug_line    0x00000000      0x1cb Hw_NVIC.o
 .debug_str     0x00000000      0x697 Hw_NVIC.o
 .comment       0x00000000       0x71 Hw_NVIC.o
 .debug_frame   0x00000000       0xa4 Hw_NVIC.o
 .ARM.attributes
                0x00000000       0x33 Hw_NVIC.o
 .text          0x00000000        0x0 Hw_Flash.o
 .data          0x00000000        0x0 Hw_Flash.o
 .bss           0x00000000        0x0 Hw_Flash.o
 .text.FLASH_SetLatency
                0x00000000       0x14 Hw_Flash.o
 .text.FLASH_HalfCycleAccessCmd
                0x00000000       0x18 Hw_Flash.o
 .text.FLASH_PrefetchBufferCmd
                0x00000000       0x18 Hw_Flash.o
 .text.FLASH_Unlock
                0x00000000       0x18 Hw_Flash.o
 .text.FLASH_UnlockBank1
                0x00000000       0x18 Hw_Flash.o
 .text.FLASH_Lock
                0x00000000       0x10 Hw_Flash.o
 .text.FLASH_LockBank1
                0x00000000       0x10 Hw_Flash.o
 .text.FLASH_GetUserOptionByte
                0x00000000        0xc Hw_Flash.o
 .text.FLASH_GetWriteProtectionOptionByte
                0x00000000        0xc Hw_Flash.o
 .text.FLASH_GetReadOutProtectionStatus
                0x00000000       0x10 Hw_Flash.o
 .text.FLASH_GetPrefetchBufferStatus
                0x00000000       0x10 Hw_Flash.o
 .text.FLASH_ITConfig
                0x00000000       0x18 Hw_Flash.o
 .text.FLASH_GetFlagStatus
                0x00000000       0x20 Hw_Flash.o
 .text.FLASH_ClearFlag
                0x00000000        0xc Hw_Flash.o
 .text.FLASH_GetStatus
                0x00000000       0x28 Hw_Flash.o
 .text.FLASH_GetBank1Status
                0x00000000       0x28 Hw_Flash.o
 .text.FLASH_WaitForLastOperation
                0x00000000       0x28 Hw_Flash.o
 .text.FLASH_ErasePage
                0x00000000       0x40 Hw_Flash.o
 .text.FLASH_EraseAllPages
                0x00000000       0x3c Hw_Flash.o
 .text.FLASH_EraseOptionBytes
                0x00000000       0x88 Hw_Flash.o
 .text.FLASH_ProgramWord
                0x00000000       0x68 Hw_Flash.o
 .text.FLASH_ProgramHalfWord
                0x00000000       0x3c Hw_Flash.o
 .text.FLASH_ProgramOptionByteData
                0x00000000       0x50 Hw_Flash.o
 .text.FLASH_EnableWriteProtection
                0x00000000       0xac Hw_Flash.o
 .text.FLASH_ReadOutProtection
                0x00000000       0x94 Hw_Flash.o
 .text.FLASH_UserOptionByteConfig
                0x00000000       0x68 Hw_Flash.o
 .text.FLASH_WaitForLastBank1Operation
                0x00000000       0x28 Hw_Flash.o
 .text.FLASH_EraseAllBank1Pages
                0x00000000       0x3c Hw_Flash.o
 .data.ADCPrescTable
                0x00000000        0x4 Hw_Flash.o
 .bss.count_sys
                0x00000000        0x1 Hw_Flash.o
 .data.APBAHBPrescTable
                0x00000000       0x10 Hw_Flash.o
 .debug_info    0x00000000      0xacb Hw_Flash.o
 .debug_abbrev  0x00000000      0x283 Hw_Flash.o
 .debug_loc     0x00000000      0xa71 Hw_Flash.o
 .debug_aranges
                0x00000000       0xf8 Hw_Flash.o
 .debug_ranges  0x00000000      0x100 Hw_Flash.o
 .debug_line    0x00000000      0x486 Hw_Flash.o
 .debug_str     0x00000000      0x641 Hw_Flash.o
 .comment       0x00000000       0x71 Hw_Flash.o
 .debug_frame   0x00000000      0x2bc Hw_Flash.o
 .ARM.attributes
                0x00000000       0x33 Hw_Flash.o
 .text          0x00000000        0x0 Hw_ADC.o
 .data          0x00000000        0x0 Hw_ADC.o
 .bss           0x00000000        0x0 Hw_ADC.o
 .text.ADC_DeInit
                0x00000000       0x64 Hw_ADC.o
 .text.ADC_Init
                0x00000000       0x48 Hw_ADC.o
 .text.ADC_StructInit
                0x00000000       0x14 Hw_ADC.o
 .text.ADC_Cmd  0x00000000       0x14 Hw_ADC.o
 .text.ADC_DMACmd
                0x00000000       0x14 Hw_ADC.o
 .text.ADC_ITConfig
                0x00000000       0x14 Hw_ADC.o
 .text.ADC_ResetCalibration
                0x00000000        0xc Hw_ADC.o
 .text.ADC_GetResetCalibrationStatus
                0x00000000        0x8 Hw_ADC.o
 .text.ADC_StartCalibration
                0x00000000        0xc Hw_ADC.o
 .text.ADC_GetCalibrationStatus
                0x00000000        0x8 Hw_ADC.o
 .text.ADC_SoftwareStartConvCmd
                0x00000000       0x14 Hw_ADC.o
 .text.ADC_GetSoftwareStartConvStatus
                0x00000000        0x8 Hw_ADC.o
 .text.ADC_DiscModeChannelCountConfig
                0x00000000       0x10 Hw_ADC.o
 .text.ADC_DiscModeCmd
                0x00000000       0x14 Hw_ADC.o
 .text.ADC_RegularChannelConfig
                0x00000000       0x8c Hw_ADC.o
 .text.ADC_ExternalTrigConvCmd
                0x00000000       0x14 Hw_ADC.o
 .text.ADC_GetConversionValue
                0x00000000        0x8 Hw_ADC.o
 .text.ADC_GetDualModeConversionValue
                0x00000000        0xc Hw_ADC.o
 .text.ADC_AutoInjectedConvCmd
                0x00000000       0x54 Hw_ADC.o
 .text.ADC_InjectedDiscModeCmd
                0x00000000       0x14 Hw_ADC.o
 .text.ADC_ExternalTrigInjectedConvConfig
                0x00000000        0xc Hw_ADC.o
 .text.ADC_ExternalTrigInjectedConvCmd
                0x00000000       0x14 Hw_ADC.o
 .text.ADC_SoftwareStartInjectedConvCmd
                0x00000000       0x14 Hw_ADC.o
 .text.ADC_GetSoftwareStartInjectedConvCmdStatus
                0x00000000        0x8 Hw_ADC.o
 .text.ADC_InjectedChannelConfig
                0x00000000       0x58 Hw_ADC.o
 .text.ADC_InjectedSequencerLengthConfig
                0x00000000       0x10 Hw_ADC.o
 .text.ADC_SetInjectedOffset
                0x00000000       0x18 Hw_ADC.o
 .text.ADC_GetInjectedConversionValue
                0x00000000       0x1c Hw_ADC.o
 .text.ADC_AnalogWatchdogCmd
                0x00000000       0x10 Hw_ADC.o
 .text.ADC_AnalogWatchdogThresholdsConfig
                0x00000000        0x8 Hw_ADC.o
 .text.ADC_AnalogWatchdogSingleChannelConfig
                0x00000000        0xc Hw_ADC.o
 .text.ADC_TempSensorVrefintCmd
                0x00000000       0x1c Hw_ADC.o
 .text.ADC_GetFlagStatus
                0x00000000        0xc Hw_ADC.o
 .text.ADC_ClearFlag
                0x00000000        0x8 Hw_ADC.o
 .text.ADC_GetITStatus
                0x00000000       0x18 Hw_ADC.o
 .text.ADC_ClearITPendingBit
                0x00000000        0x8 Hw_ADC.o
 .data.ADCPrescTable
                0x00000000        0x4 Hw_ADC.o
 .bss.count_sys
                0x00000000        0x1 Hw_ADC.o
 .data.APBAHBPrescTable
                0x00000000       0x10 Hw_ADC.o
 .debug_info    0x00000000      0xd6e Hw_ADC.o
 .debug_abbrev  0x00000000      0x248 Hw_ADC.o
 .debug_loc     0x00000000      0xc31 Hw_ADC.o
 .debug_aranges
                0x00000000      0x138 Hw_ADC.o
 .debug_ranges  0x00000000      0x128 Hw_ADC.o
 .debug_line    0x00000000      0x49e Hw_ADC.o
 .debug_str     0x00000000      0x775 Hw_ADC.o
 .comment       0x00000000       0x71 Hw_ADC.o
 .debug_frame   0x00000000      0x2d8 Hw_ADC.o
 .ARM.attributes
                0x00000000       0x33 Hw_ADC.o
 .text          0x00000000        0x0 Hw_DMA.o
 .data          0x00000000        0x0 Hw_DMA.o
 .bss           0x00000000        0x0 Hw_DMA.o
 .text.DMA_DeInit
                0x00000000      0x128 Hw_DMA.o
 .text.DMA_Init
                0x00000000       0x40 Hw_DMA.o
 .text.DMA_StructInit
                0x00000000       0x1c Hw_DMA.o
 .text.DMA_Cmd  0x00000000       0x18 Hw_DMA.o
 .text.DMA_ITConfig
                0x00000000       0x14 Hw_DMA.o
 .text.DMA_SetCurrDataCounter
                0x00000000        0x4 Hw_DMA.o
 .text.DMA_GetCurrDataCounter
                0x00000000        0x8 Hw_DMA.o
 .text.DMA_GetFlagStatus
                0x00000000       0x1c Hw_DMA.o
 .text.DMA_ClearFlag
                0x00000000       0x14 Hw_DMA.o
 .text.DMA_GetITStatus
                0x00000000       0x1c Hw_DMA.o
 .text.DMA_ClearITPendingBit
                0x00000000       0x14 Hw_DMA.o
 .data.ADCPrescTable
                0x00000000        0x4 Hw_DMA.o
 .bss.count_sys
                0x00000000        0x1 Hw_DMA.o
 .data.APBAHBPrescTable
                0x00000000       0x10 Hw_DMA.o
 .debug_info    0x00000000      0x51e Hw_DMA.o
 .debug_abbrev  0x00000000      0x194 Hw_DMA.o
 .debug_loc     0x00000000      0x1a3 Hw_DMA.o
 .debug_aranges
                0x00000000       0x70 Hw_DMA.o
 .debug_ranges  0x00000000       0x60 Hw_DMA.o
 .debug_line    0x00000000      0x25f Hw_DMA.o
 .debug_str     0x00000000      0x422 Hw_DMA.o
 .comment       0x00000000       0x71 Hw_DMA.o
 .debug_frame   0x00000000       0xd8 Hw_DMA.o
 .ARM.attributes
                0x00000000       0x33 Hw_DMA.o
 .text          0x00000000        0x0 Hw_SPI.o
 .data          0x00000000        0x0 Hw_SPI.o
 .bss           0x00000000        0x0 Hw_SPI.o
 .text.SPI_I2S_DeInit
                0x00000000       0x68 Hw_SPI.o
 .text.SPI_Init
                0x00000000       0x40 Hw_SPI.o
 .text.I2S_Init
                0x00000000       0xb4 Hw_SPI.o
 .text.SPI_StructInit
                0x00000000       0x18 Hw_SPI.o
 .text.I2S_StructInit
                0x00000000       0x14 Hw_SPI.o
 .text.SPI_Cmd  0x00000000       0x1c Hw_SPI.o
 .text.I2S_Cmd  0x00000000       0x1c Hw_SPI.o
 .text.SPI_I2S_ITConfig
                0x00000000       0x20 Hw_SPI.o
 .text.SPI_I2S_DMACmd
                0x00000000       0x14 Hw_SPI.o
 .text.SPI_I2S_SendData
                0x00000000        0x4 Hw_SPI.o
 .text.SPI_I2S_ReceiveData
                0x00000000        0x8 Hw_SPI.o
 .text.SPI_NSSInternalSoftwareConfig
                0x00000000       0x20 Hw_SPI.o
 .text.SPI_SSOutputCmd
                0x00000000       0x1c Hw_SPI.o
 .text.SPI_DataSizeConfig
                0x00000000       0x18 Hw_SPI.o
 .text.SPI_TransmitCRC
                0x00000000        0xc Hw_SPI.o
 .text.SPI_CalculateCRC
                0x00000000       0x1c Hw_SPI.o
 .text.SPI_GetCRC
                0x00000000        0xc Hw_SPI.o
 .text.SPI_GetCRCPolynomial
                0x00000000        0x8 Hw_SPI.o
 .text.SPI_BiDirectionalLineConfig
                0x00000000       0x20 Hw_SPI.o
 .text.SPI_I2S_GetFlagStatus
                0x00000000        0xc Hw_SPI.o
 .text.SPI_I2S_ClearFlag
                0x00000000        0x8 Hw_SPI.o
 .text.SPI_I2S_GetITStatus
                0x00000000       0x2c Hw_SPI.o
 .text.SPI_I2S_ClearITPendingBit
                0x00000000       0x10 Hw_SPI.o
 .data.ADCPrescTable
                0x00000000        0x4 Hw_SPI.o
 .bss.count_sys
                0x00000000        0x1 Hw_SPI.o
 .data.APBAHBPrescTable
                0x00000000       0x10 Hw_SPI.o
 .debug_info    0x00000000      0xa98 Hw_SPI.o
 .debug_abbrev  0x00000000      0x1e1 Hw_SPI.o
 .debug_loc     0x00000000      0x614 Hw_SPI.o
 .debug_aranges
                0x00000000       0xd0 Hw_SPI.o
 .debug_ranges  0x00000000       0xc0 Hw_SPI.o
 .debug_line    0x00000000      0x37d Hw_SPI.o
 .debug_str     0x00000000      0x656 Hw_SPI.o
 .comment       0x00000000       0x71 Hw_SPI.o
 .debug_frame   0x00000000      0x1c4 Hw_SPI.o
 .ARM.attributes
                0x00000000       0x33 Hw_SPI.o
 .text          0x00000000        0x0 Hw_I2C.o
 .data          0x00000000        0x0 Hw_I2C.o
 .bss           0x00000000        0x0 Hw_I2C.o
 .text.I2C_DeInit
                0x00000000       0x38 Hw_I2C.o
 .text.I2C_Init
                0x00000000       0xe8 Hw_I2C.o
 .text.I2C_StructInit
                0x00000000       0x24 Hw_I2C.o
 .text.I2C_Cmd  0x00000000       0x1c Hw_I2C.o
 .text.I2C_DMACmd
                0x00000000       0x1c Hw_I2C.o
 .text.I2C_DMALastTransferCmd
                0x00000000       0x1c Hw_I2C.o
 .text.I2C_GenerateSTART
                0x00000000       0x1c Hw_I2C.o
 .text.I2C_GenerateSTOP
                0x00000000       0x1c Hw_I2C.o
 .text.I2C_AcknowledgeConfig
                0x00000000       0x1c Hw_I2C.o
 .text.I2C_OwnAddress2Config
                0x00000000       0x14 Hw_I2C.o
 .text.I2C_DualAddressCmd
                0x00000000       0x1c Hw_I2C.o
 .text.I2C_GeneralCallCmd
                0x00000000       0x1c Hw_I2C.o
 .text.I2C_ITConfig
                0x00000000       0x14 Hw_I2C.o
 .text.I2C_SendData
                0x00000000        0x4 Hw_I2C.o
 .text.I2C_ReceiveData
                0x00000000        0x8 Hw_I2C.o
 .text.I2C_Send7bitAddress
                0x00000000       0x18 Hw_I2C.o
 .text.I2C_ReadRegister
                0x00000000       0x18 Hw_I2C.o
 .text.I2C_SoftwareResetCmd
                0x00000000       0x1c Hw_I2C.o
 .text.I2C_NACKPositionConfig
                0x00000000       0x20 Hw_I2C.o
 .text.I2C_SMBusAlertConfig
                0x00000000       0x20 Hw_I2C.o
 .text.I2C_TransmitPEC
                0x00000000       0x1c Hw_I2C.o
 .text.I2C_PECPositionConfig
                0x00000000       0x20 Hw_I2C.o
 .text.I2C_CalculatePEC
                0x00000000       0x1c Hw_I2C.o
 .text.I2C_GetPEC
                0x00000000        0x8 Hw_I2C.o
 .text.I2C_ARPCmd
                0x00000000       0x1c Hw_I2C.o
 .text.I2C_StretchClockCmd
                0x00000000       0x1c Hw_I2C.o
 .text.I2C_FastModeDutyCycleConfig
                0x00000000       0x20 Hw_I2C.o
 .text.I2C_GetLastEvent
                0x00000000       0x10 Hw_I2C.o
 .text.I2C_GetFlagStatus
                0x00000000       0x38 Hw_I2C.o
 .text.I2C_ClearFlag
                0x00000000        0x8 Hw_I2C.o
 .text.I2C_GetITStatus
                0x00000000       0x1c Hw_I2C.o
 .text.I2C_ClearITPendingBit
                0x00000000        0x8 Hw_I2C.o
 .data.ADCPrescTable
                0x00000000        0x4 Hw_I2C.o
 .bss.count_sys
                0x00000000        0x1 Hw_I2C.o
 .data.APBAHBPrescTable
                0x00000000       0x10 Hw_I2C.o
 .debug_info    0x00000000      0xbda Hw_I2C.o
 .debug_abbrev  0x00000000      0x1df Hw_I2C.o
 .debug_loc     0x00000000      0x755 Hw_I2C.o
 .debug_aranges
                0x00000000      0x118 Hw_I2C.o
 .debug_ranges  0x00000000      0x108 Hw_I2C.o
 .debug_line    0x00000000      0x425 Hw_I2C.o
 .debug_str     0x00000000      0x685 Hw_I2C.o
 .comment       0x00000000       0x71 Hw_I2C.o
 .debug_frame   0x00000000      0x258 Hw_I2C.o
 .ARM.attributes
                0x00000000       0x33 Hw_I2C.o
 .text          0x00000000        0x0 Hw_SysTick.o
 .data          0x00000000        0x0 Hw_SysTick.o
 .bss           0x00000000        0x0 Hw_SysTick.o
 .text.SysTick_Config
                0x00000000       0x30 Hw_SysTick.o
 .data.ADCPrescTable
                0x00000000        0x4 Hw_SysTick.o
 .data.APBAHBPrescTable
                0x00000000       0x10 Hw_SysTick.o
 .text          0x00000000        0x0 Ld_printf.o
 .data          0x00000000        0x0 Ld_printf.o
 .bss           0x00000000        0x0 Ld_printf.o
 .text.get_byte
                0x00000000       0x18 Ld_printf.o
 .text.SerialOutputString
                0x00000000       0x30 Ld_printf.o
 .text.StrNCmp  0x00000000       0x40 Ld_printf.o
 .text.StrCmp   0x00000000       0x44 Ld_printf.o
 .data.ADCPrescTable
                0x00000000        0x4 Ld_printf.o
 .bss.count_sys
                0x00000000        0x1 Ld_printf.o
 .data.APBAHBPrescTable
                0x00000000       0x10 Ld_printf.o
 .text          0x00000000        0x0 Util.o
 .data          0x00000000        0x0 Util.o
 .bss           0x00000000        0x0 Util.o
 .text.Hw_second
                0x00000000       0x18 Util.o
 .text.Hw_1_second
                0x00000000        0xc Util.o
 .text.Delay    0x00000000       0x24 Util.o
 .text.TimingDelay_Decrement
                0x00000000       0x14 Util.o
 .data.ADCPrescTable
                0x00000000        0x4 Util.o
 .bss.count_sys
                0x00000000        0x1 Util.o
 .bss.TimingDelay
                0x00000000        0x4 Util.o
 .data.APBAHBPrescTable
                0x00000000       0x10 Util.o
 .debug_info    0x00000000      0x1c9 Util.o
 .debug_abbrev  0x00000000      0x11c Util.o
 .debug_loc     0x00000000       0x58 Util.o
 .debug_aranges
                0x00000000       0x38 Util.o
 .debug_ranges  0x00000000       0x28 Util.o
 .debug_line    0x00000000      0x176 Util.o
 .debug_str     0x00000000      0x220 Util.o
 .comment       0x00000000       0x71 Util.o
 .debug_frame   0x00000000       0x60 Util.o
 .ARM.attributes
                0x00000000       0x33 Util.o
 .text          0x00000000        0x0 Menu_Command.o
 .data          0x00000000        0x0 Menu_Command.o
 .bss           0x00000000        0x0 Menu_Command.o
 .text.do_test  0x00000000       0x14 Menu_Command.o
 .text.do_key   0x00000000       0x14 Menu_Command.o
 .text.do_seg   0x00000000       0x14 Menu_Command.o
 .text.do_led   0x00000000       0x24 Menu_Command.o
 .text.do_print_help
                0x00000000       0x50 Menu_Command.o
 .text.get_args.part.1
                0x00000000       0x50 Menu_Command.o
 .text.display_prompt
                0x00000000       0x24 Menu_Command.o
 .text.get_command
                0x00000000       0x94 Menu_Command.o
 .text.command_main
                0x00000000       0xcc Menu_Command.o
 .text.get_args
                0x00000000       0x18 Menu_Command.o
 .data.ADCPrescTable
                0x00000000        0x4 Menu_Command.o
 .bss.count_sys
                0x00000000        0x1 Menu_Command.o
 .rodata.str1.4
                0x00000000      0x120 Menu_Command.o
 .data.APBAHBPrescTable
                0x00000000       0x10 Menu_Command.o
 .data.cmd_tbl  0x00000000       0x78 Menu_Command.o
 .debug_info    0x00000000      0x7a6 Menu_Command.o
 .debug_abbrev  0x00000000      0x2c8 Menu_Command.o
 .debug_loc     0x00000000      0x713 Menu_Command.o
 .debug_aranges
                0x00000000       0x68 Menu_Command.o
 .debug_ranges  0x00000000       0xa8 Menu_Command.o
 .debug_line    0x00000000      0x27b Menu_Command.o
 .debug_str     0x00000000      0x299 Menu_Command.o
 .comment       0x00000000       0x71 Menu_Command.o
 .debug_frame   0x00000000      0x174 Menu_Command.o
 .ARM.attributes
                0x00000000       0x33 Menu_Command.o
 COMMON         0x00000000       0x84 Menu_Command.o
 .text          0x00000000        0x0 Led_Command.o
 .data          0x00000000        0x0 Led_Command.o
 .bss           0x00000000        0x0 Led_Command.o
 .text.command_led_main_menu
                0x00000000       0xa0 Led_Command.o
 .text.command_led_main
                0x00000000      0x36c Led_Command.o
 .data.ADCPrescTable
                0x00000000        0x4 Led_Command.o
 .bss.count_sys
                0x00000000        0x1 Led_Command.o
 .rodata.str1.4
                0x00000000      0x46c Led_Command.o
 .data.APBAHBPrescTable
                0x00000000       0x10 Led_Command.o
 .debug_info    0x00000000      0x6d7 Led_Command.o
 .debug_abbrev  0x00000000      0x14a Led_Command.o
 .debug_loc     0x00000000      0x1ee Led_Command.o
 .debug_aranges
                0x00000000       0x28 Led_Command.o
 .debug_ranges  0x00000000       0x50 Led_Command.o
 .debug_line    0x00000000      0x1fb Led_Command.o
 .debug_str     0x00000000      0x220 Led_Command.o
 .comment       0x00000000       0x71 Led_Command.o
 .debug_frame   0x00000000       0x50 Led_Command.o
 .ARM.attributes
                0x00000000       0x33 Led_Command.o
 .text          0x00000000        0x0 Key_Command.o
 .data          0x00000000        0x0 Key_Command.o
 .bss           0x00000000        0x0 Key_Command.o
 .text.command_key_main
                0x00000000      0x328 Key_Command.o
 .text.command_key_main_menu
                0x00000000       0xa0 Key_Command.o
 .data.ADCPrescTable
                0x00000000        0x4 Key_Command.o
 .bss.count_sys
                0x00000000        0x1 Key_Command.o
 .rodata.str1.4
                0x00000000      0x430 Key_Command.o
 .data.APBAHBPrescTable
                0x00000000       0x10 Key_Command.o
 .debug_info    0x00000000      0x699 Key_Command.o
 .debug_abbrev  0x00000000      0x144 Key_Command.o
 .debug_loc     0x00000000      0x207 Key_Command.o
 .debug_aranges
                0x00000000       0x28 Key_Command.o
 .debug_ranges  0x00000000       0x48 Key_Command.o
 .debug_line    0x00000000      0x1e8 Key_Command.o
 .debug_str     0x00000000      0x220 Key_Command.o
 .comment       0x00000000       0x71 Key_Command.o
 .debug_frame   0x00000000       0x50 Key_Command.o
 .ARM.attributes
                0x00000000       0x33 Key_Command.o
 .text          0x00000000        0x0 Seg_Command.o
 .data          0x00000000        0x0 Seg_Command.o
 .bss           0x00000000        0x0 Seg_Command.o
 .text.command_seg_main
                0x00000000      0x36c Seg_Command.o
 .text.command_seg_main_menu
                0x00000000       0xa0 Seg_Command.o
 .data.ADCPrescTable
                0x00000000        0x4 Seg_Command.o
 .bss.count_sys
                0x00000000        0x1 Seg_Command.o
 .rodata.str1.4
                0x00000000      0x46c Seg_Command.o
 .data.APBAHBPrescTable
                0x00000000       0x10 Seg_Command.o
 .debug_info    0x00000000      0x6c5 Seg_Command.o
 .debug_abbrev  0x00000000      0x144 Seg_Command.o
 .debug_loc     0x00000000      0x220 Seg_Command.o
 .debug_aranges
                0x00000000       0x28 Seg_Command.o
 .debug_ranges  0x00000000       0x48 Seg_Command.o
 .debug_line    0x00000000      0x1f2 Seg_Command.o
 .debug_str     0x00000000      0x220 Seg_Command.o
 .comment       0x00000000       0x71 Seg_Command.o
 .debug_frame   0x00000000       0x50 Seg_Command.o
 .ARM.attributes
                0x00000000       0x33 Seg_Command.o
 .text          0x00000000        0x0 main.o
 .data          0x00000000        0x0 main.o
 .bss           0x00000000        0x0 main.o
 .data.ADCPrescTable
                0x00000000        0x4 main.o
 .bss.count_sys
                0x00000000        0x1 main.o
 .data.APBAHBPrescTable
                0x00000000       0x10 main.o
 .text          0x00000000        0x0 Hw_Led.o
 .data          0x00000000        0x0 Hw_Led.o
 .bss           0x00000000        0x0 Hw_Led.o
 .text.Led_Init
                0x00000000       0x48 Hw_Led.o
 .text.Led_AllOn
                0x00000000       0x20 Hw_Led.o
 .text.Led_AllOff
                0x00000000       0x20 Hw_Led.o
 .text.Red_On   0x00000000       0x10 Hw_Led.o
 .text.Red_Off  0x00000000       0x10 Hw_Led.o
 .text.Yellow_On
                0x00000000       0x10 Hw_Led.o
 .text.Yellow_Off
                0x00000000       0x10 Hw_Led.o
 .text.Blue_On  0x00000000       0x10 Hw_Led.o
 .text.Blue_Off
                0x00000000       0x10 Hw_Led.o
 .text.LED_MULT
                0x00000000       0x68 Hw_Led.o
 .text.Test_LED
                0x00000000       0x2c Hw_Led.o
 .text.TEST_Check
                0x00000000        0x4 Hw_Led.o
 .data.ADCPrescTable
                0x00000000        0x4 Hw_Led.o
 .bss.count_sys
                0x00000000        0x1 Hw_Led.o
 .data.APBAHBPrescTable
                0x00000000       0x10 Hw_Led.o
 .debug_info    0x00000000      0x555 Hw_Led.o
 .debug_abbrev  0x00000000      0x1c8 Hw_Led.o
 .debug_loc     0x00000000       0xae Hw_Led.o
 .debug_aranges
                0x00000000       0x78 Hw_Led.o
 .debug_ranges  0x00000000       0x68 Hw_Led.o
 .debug_line    0x00000000      0x248 Hw_Led.o
 .debug_str     0x00000000      0x3a5 Hw_Led.o
 .comment       0x00000000       0x71 Hw_Led.o
 .debug_frame   0x00000000      0x104 Hw_Led.o
 .ARM.attributes
                0x00000000       0x33 Hw_Led.o
 .text          0x00000000        0x0 Hw_Key.o
 .data          0x00000000        0x0 Hw_Key.o
 .bss           0x00000000        0x0 Hw_Key.o
 .text.KEY_Init
                0x00000000       0x38 Hw_Key.o
 .text.KEY_Test
                0x00000000       0x9c Hw_Key.o
 .data.ADCPrescTable
                0x00000000        0x4 Hw_Key.o
 .bss.count_sys
                0x00000000        0x1 Hw_Key.o
 .data.APBAHBPrescTable
                0x00000000       0x10 Hw_Key.o
 .debug_info    0x00000000      0x381 Hw_Key.o
 .debug_abbrev  0x00000000      0x168 Hw_Key.o
 .debug_loc     0x00000000       0x82 Hw_Key.o
 .debug_aranges
                0x00000000       0x28 Hw_Key.o
 .debug_ranges  0x00000000       0x30 Hw_Key.o
 .debug_line    0x00000000      0x176 Hw_Key.o
 .debug_str     0x00000000      0x353 Hw_Key.o
 .comment       0x00000000       0x71 Hw_Key.o
 .debug_frame   0x00000000       0x6c Hw_Key.o
 .ARM.attributes
                0x00000000       0x33 Hw_Key.o
 .text          0x00000000        0x0 Hw_Segment.o
 .data          0x00000000        0x0 Hw_Segment.o
 .bss           0x00000000        0x0 Hw_Segment.o
 .text.Power_SEG_On
                0x00000000       0x10 Hw_Segment.o
 .text.Power_SEG_Off
                0x00000000       0x10 Hw_Segment.o
 .text.On_7SEG_OnePin
                0x00000000       0x10 Hw_Segment.o
 .text.Off_7SEG_OnePin
                0x00000000       0x10 Hw_Segment.o
 .text.All_7SEG_On
                0x00000000       0x10 Hw_Segment.o
 .text.All_7SEG_Off
                0x00000000       0x10 Hw_Segment.o
 .text.Output_7SEG_Number
                0x00000000       0xac Hw_Segment.o
 .text.Seven_SEG_TEST
                0x00000000       0xc4 Hw_Segment.o
 .data.ADCPrescTable
                0x00000000        0x4 Hw_Segment.o
 .bss.count_sys
                0x00000000        0x1 Hw_Segment.o
 .rodata.str1.4
                0x00000000       0x20 Hw_Segment.o
 .data.APBAHBPrescTable
                0x00000000       0x10 Hw_Segment.o
 .debug_info    0x00000000      0x6d9 Hw_Segment.o
 .debug_abbrev  0x00000000      0x23a Hw_Segment.o
 .debug_loc     0x00000000      0x1c2 Hw_Segment.o
 .debug_aranges
                0x00000000       0x58 Hw_Segment.o
 .debug_ranges  0x00000000       0x90 Hw_Segment.o
 .debug_line    0x00000000      0x24e Hw_Segment.o
 .debug_str     0x00000000      0x3be Hw_Segment.o
 .comment       0x00000000       0x71 Hw_Segment.o
 .debug_frame   0x00000000       0xb8 Hw_Segment.o
 .ARM.attributes
                0x00000000       0x33 Hw_Segment.o

Memory Configuration

Name             Origin             Length             Attributes
RAM              0x20000000         0x00005000         xrw
EXTSRAM          0x68000000         0x00000000         xrw
FLASH            0x08000000         0x0001f800         xr
EEMUL            0x0801f800         0x00000800         xrw
*default*        0x00000000         0xffffffff

Linker script and memory map

LOAD Hw_StartUp.o
LOAD Hw.o
LOAD Hw_Rcc.o
LOAD Hw_GPIO.o
LOAD Hw_Usart.o
LOAD Hw_TIM.o
LOAD Hw_EXTI.o
LOAD Hw_IRQ.o
LOAD Hw_NVIC.o
LOAD Hw_Flash.o
LOAD Hw_ADC.o
LOAD Hw_DMA.o
LOAD Hw_SPI.o
LOAD Hw_I2C.o
LOAD Hw_SysTick.o
LOAD Ld_printf.o
LOAD Util.o
LOAD Menu_Command.o
LOAD Led_Command.o
LOAD Key_Command.o
LOAD Seg_Command.o
LOAD main.o
LOAD Hw_Led.o
LOAD Hw_Key.o
LOAD Hw_Segment.o
LOAD c:/program files (x86)/gnu tools arm embedded/4.9 2015q1/bin/../lib/gcc/arm-none-eabi/4.9.3/../../../../arm-none-eabi/lib/armv7-m\libc.a
LOAD c:/program files (x86)/gnu tools arm embedded/4.9 2015q1/bin/../lib/gcc/arm-none-eabi/4.9.3/../../../../arm-none-eabi/lib/armv7-m\libm.a
LOAD c:/program files (x86)/gnu tools arm embedded/4.9 2015q1/bin/../lib/gcc/arm-none-eabi/4.9.3/../../../../arm-none-eabi/lib/armv7-m\libc.a
LOAD c:/program files (x86)/gnu tools arm embedded/4.9 2015q1/bin/../lib/gcc/arm-none-eabi/4.9.3/armv7-m\libgcc.a
                0x20005000                _estack = (ORIGIN (RAM) + 0x5000)
                0x0801f800                _seemul = ORIGIN (EEMUL)
                0x00000100                _Minimum_Stack_Size = 0x100
                0x00000001                ASSERT ((ORIGIN (FLASH) == ALIGN (ORIGIN (FLASH), 0x80)), Start of memory region flash not aligned for startup vector table)

.text           0x08000000      0xb3c
                0x08000000                . = ALIGN (0x80)
                0x00000000                _isr_vectorsflash_offs = (. - 0x8000000)
 *(.isr_vectorsflash)
 .isr_vectorsflash
                0x08000000      0x108 Hw_StartUp.o
                0x08000000                g_pfnVectors
                0x08000108                . = ALIGN (0x4)
 *(.text)
 *(.text.*)
 .text.Default_Handler
                0x08000108        0x4 Hw_StartUp.o
                0x08000108                DebugMon_Handler
                0x08000108                TIM1_CC_IRQHandler
                0x08000108                PendSV_Handler
                0x08000108                I2C2_EV_IRQHandler
                0x08000108                UsageFault_Handler
                0x08000108                ADC1_2_IRQHandler
                0x08000108                SPI1_IRQHandler
                0x08000108                TAMPER_IRQHandler
                0x08000108                DMA1_Channel4_IRQHandler
                0x08000108                USART3_IRQHandler
                0x08000108                RTC_IRQHandler
                0x08000108                DMA1_Channel7_IRQHandler
                0x08000108                CAN1_RX1_IRQHandler
                0x08000108                I2C1_EV_IRQHandler
                0x08000108                DMA1_Channel6_IRQHandler
                0x08000108                RCC_IRQHandler
                0x08000108                TIM1_TRG_COM_IRQHandler
                0x08000108                DMA1_Channel1_IRQHandler
                0x08000108                Default_Handler
                0x08000108                EXTI15_10_IRQHandler
                0x08000108                EXTI9_5_IRQHandler
                0x08000108                SPI2_IRQHandler
                0x08000108                MemManage_Handler
                0x08000108                SVC_Handler
                0x08000108                DMA1_Channel5_IRQHandler
                0x08000108                USB_LP_CAN1_RX0_IRQHandler
                0x08000108                USB_HP_CAN1_TX_IRQHandler
                0x08000108                DMA1_Channel3_IRQHandler
                0x08000108                TIM1_UP_IRQHandler
                0x08000108                WWDG_IRQHandler
                0x08000108                TIM1_BRK_IRQHandler
                0x08000108                RTCAlarm_IRQHandler
                0x08000108                USART2_IRQHandler
                0x08000108                I2C2_ER_IRQHandler
                0x08000108                DMA1_Channel2_IRQHandler
                0x08000108                CAN1_SCE_IRQHandler
                0x08000108                FLASH_IRQHandler
                0x08000108                BusFault_Handler
                0x08000108                USART1_IRQHandler
                0x08000108                SPI3_IRQHandler
                0x08000108                I2C1_ER_IRQHandler
                0x08000108                MMI_Handler
                0x08000108                USBWakeUp_IRQHandler
 .text.Reset_Handler
                0x0800010c       0x64 Hw_StartUp.o
                0x0800010c                Reset_Handler
 .text.USART1_Config
                0x08000170       0x80 Hw.o
                0x08000170                USART1_Config
 .text.HW_Init  0x080001f0       0x34 Hw.o
                0x080001f0                HW_Init
 .text.RCC_GetClocksFreq
                0x08000224       0xac Hw_Rcc.o
                0x08000224                RCC_GetClocksFreq
 .text.RCC_APB2PeriphClockCmd
                0x080002d0       0x18 Hw_Rcc.o
                0x080002d0                RCC_APB2PeriphClockCmd
 .text.HSE_Init
                0x080002e8       0xa4 Hw_Rcc.o
                0x080002e8                HSE_Init
 .text.GPIO_Init
                0x0800038c       0xbc Hw_GPIO.o
                0x0800038c                GPIO_Init
 .text.USART_Init
                0x08000448       0xc0 Hw_Usart.o
                0x08000448                USART_Init
 .text.EXTI0_IRQHandler
                0x08000508        0x4 Hw_IRQ.o
                0x08000508                EXTI0_IRQHandler
 .text.EXTI1_IRQHandler
                0x0800050c        0x4 Hw_IRQ.o
                0x0800050c                EXTI1_IRQHandler
 .text.EXTI2_IRQHandler
                0x08000510        0x4 Hw_IRQ.o
                0x08000510                EXTI2_IRQHandler
 .text.EXTI3_IRQHandler
                0x08000514        0x4 Hw_IRQ.o
                0x08000514                EXTI3_IRQHandler
 .text.EXTI4_IRQHandler
                0x08000518        0x4 Hw_IRQ.o
                0x08000518                EXTI4_IRQHandler
 .text.TIM2_IRQHandler
                0x0800051c        0x4 Hw_IRQ.o
                0x0800051c                TIM2_IRQHandler
 .text.TIM3_IRQHandler
                0x08000520        0x4 Hw_IRQ.o
                0x08000520                TIM3_IRQHandler
 .text.TIM4_IRQHandler
                0x08000524        0x4 Hw_IRQ.o
                0x08000524                TIM4_IRQHandler
 .text.PVD_IRQHandler
                0x08000528        0x4 Hw_IRQ.o
                0x08000528                PVD_IRQHandler
 .text.SysTick_Handler
                0x0800052c       0x1c Hw_SysTick.o
                0x0800052c                SysTick_Handler
 .text.print_byte
                0x08000548       0x28 Ld_printf.o
                0x08000548                print_byte
 .text.DecToLong
                0x08000570       0x4c Ld_printf.o
                0x08000570                DecToLong
 .text.printf   0x080005bc      0x458 Ld_printf.o
                0x080005bc                printf
 .text.System_Information
                0x08000a14       0x5c main.o
                0x08000a14                System_Information
 .text.startup.main
                0x08000a70       0x34 main.o
                0x08000a70                main
 *(.stub .gnu.linkonce.t.*)
 *(.rodata .rodata.* .gnu.linkonce.r.*)
 .rodata.str1.4
                0x08000aa4       0x98 main.o
 *(.glue_7 .glue_7t)
 .glue_7        0x00000000        0x0 linker stubs
 .glue_7t       0x00000000        0x0 linker stubs
                0x08000b3c                . = ALIGN (0x4)
                0x08000b3c                _etext = .
                0x08000b3c                _sidata = _etext

.vfp11_veneer   0x08000b3c        0x0
 .vfp11_veneer  0x00000000        0x0 linker stubs

.v4_bx          0x08000b3c        0x0
 .v4_bx         0x00000000        0x0 linker stubs

.iplt           0x08000b3c        0x0
 .iplt          0x00000000        0x0 Hw_StartUp.o

.rel.dyn        0x08000b3c        0x0
 .rel.iplt      0x00000000        0x0 Hw_StartUp.o

.ARM.extab
 *(.ARM.extab* .gnu.linkonce.armextab.*)

.ARM            0x08000b3c        0x0
                0x08000b3c                __exidx_start = .
 *(.ARM.exidx*)
                0x08000b3c                __exidx_end = .
                0x08000b3c                _etext = .
                0x08000b3c                _sidata = _etext

.data           0x20000000       0x14 load address 0x08000b3c
                0x20000000                . = .
                0x20000000                . = ALIGN (0x4)
                0x20000000                _sdata = .
                0x20000000                . = ALIGN (0x80)
                0x00000000                _isr_vectorsram_offs = (. - 0x20000000)
 *(.isr_vectorsram)
                0x20000000                . = ALIGN (0x4)
 *(.ramfunc*)
                0x20000000                . = ALIGN (0x4)
 *(.data .data.* .gnu.linkonce.d.*)
 .data.ADCPrescTable
                0x20000000        0x4 Hw_Rcc.o
 .data.APBAHBPrescTable
                0x20000004       0x10 Hw_Rcc.o
                0x20000014                . = ALIGN (0x4)
                0x20000014                _edata = .

.igot.plt       0x20000014        0x0 load address 0x08000b50
 .igot.plt      0x00000000        0x0 Hw_StartUp.o

.bss            0x20000014        0x8 load address 0x08000b50
                0x20000014                . = ALIGN (0x4)
                0x20000014                _sbss = .
 *(.bss .bss.*)
 .bss.StartUpCounter
                0x20000014        0x4 Hw_Rcc.o
                0x20000014                StartUpCounter
 .bss.count_sys
                0x20000018        0x1 Hw_SysTick.o
 *(COMMON)
                0x2000001c                . = ALIGN (0x4)
 *fill*         0x20000019        0x3 
                0x2000001c                _ebss = .
                0x2000001c                PROVIDE (end, _ebss)
                0x2000001c                PROVIDE (_end, _ebss)

._usrstack      0x2000001c      0x100 load address 0x08000b58
                0x2000001c                . = ALIGN (0x4)
                0x2000001c                _susrstack = .
                0x2000011c                . = (. + _Minimum_Stack_Size)
 *fill*         0x2000001c      0x100 
                0x2000011c                . = ALIGN (0x4)
                0x2000011c                _eusrstack = .
                0x00000400                __Stack_Size = 0x400
                0x00000400                PROVIDE (_Stack_Size, __Stack_Size)
                0x20004c00                __Stack_Init = (_estack - __Stack_Size)
                0x20004c00                PROVIDE (_Stack_Init, __Stack_Init)
OUTPUT(main.elf elf32-littlearm)

.debug_info     0x00000000     0x3407
 .debug_info    0x00000000      0x1b5 Hw_StartUp.o
 .debug_info    0x000001b5      0x4c8 Hw.o
 .debug_info    0x0000067d      0x9b9 Hw_Rcc.o
 .debug_info    0x00001036      0x913 Hw_GPIO.o
 .debug_info    0x00001949      0xc0a Hw_Usart.o
 .debug_info    0x00002553      0x1ae Hw_IRQ.o
 .debug_info    0x00002701      0x2d6 Hw_SysTick.o
 .debug_info    0x000029d7      0x7a2 Ld_printf.o
 .debug_info    0x00003179      0x28e main.o

.debug_abbrev   0x00000000      0xd43
 .debug_abbrev  0x00000000      0x100 Hw_StartUp.o
 .debug_abbrev  0x00000100      0x110 Hw.o
 .debug_abbrev  0x00000210      0x1ef Hw_Rcc.o
 .debug_abbrev  0x000003ff      0x1e9 Hw_GPIO.o
 .debug_abbrev  0x000005e8      0x205 Hw_Usart.o
 .debug_abbrev  0x000007ed       0x88 Hw_IRQ.o
 .debug_abbrev  0x00000875      0x116 Hw_SysTick.o
 .debug_abbrev  0x0000098b      0x28b Ld_printf.o
 .debug_abbrev  0x00000c16      0x12d main.o

.debug_loc      0x00000000     0x2d9d
 .debug_loc     0x00000000       0x57 Hw_StartUp.o
 .debug_loc     0x00000057       0x58 Hw.o
 .debug_loc     0x000000af      0x808 Hw_Rcc.o
 .debug_loc     0x000008b7      0x6d9 Hw_GPIO.o
 .debug_loc     0x00000f90      0xac3 Hw_Usart.o
 .debug_loc     0x00001a53       0x77 Hw_SysTick.o
 .debug_loc     0x00001aca     0x1263 Ld_printf.o
 .debug_loc     0x00002d2d       0x70 main.o

.debug_aranges  0x00000000      0x418
 .debug_aranges
                0x00000000       0x28 Hw_StartUp.o
 .debug_aranges
                0x00000028       0x28 Hw.o
 .debug_aranges
                0x00000050      0x120 Hw_Rcc.o
 .debug_aranges
                0x00000170       0xa8 Hw_GPIO.o
 .debug_aranges
                0x00000218      0x100 Hw_Usart.o
 .debug_aranges
                0x00000318       0x60 Hw_IRQ.o
 .debug_aranges
                0x00000378       0x28 Hw_SysTick.o
 .debug_aranges
                0x000003a0       0x50 Ld_printf.o
 .debug_aranges
                0x000003f0       0x28 main.o

.debug_ranges   0x00000000      0x498
 .debug_ranges  0x00000000       0x18 Hw_StartUp.o
 .debug_ranges  0x00000018       0x18 Hw.o
 .debug_ranges  0x00000030      0x110 Hw_Rcc.o
 .debug_ranges  0x00000140       0x98 Hw_GPIO.o
 .debug_ranges  0x000001d8      0x108 Hw_Usart.o
 .debug_ranges  0x000002e0       0x50 Hw_IRQ.o
 .debug_ranges  0x00000330       0x18 Hw_SysTick.o
 .debug_ranges  0x00000348      0x138 Ld_printf.o
 .debug_ranges  0x00000480       0x18 main.o

.debug_line     0x00000000     0x1606
 .debug_line    0x00000000      0x154 Hw_StartUp.o
 .debug_line    0x00000154      0x174 Hw.o
 .debug_line    0x000002c8      0x452 Hw_Rcc.o
 .debug_line    0x0000071a      0x30f Hw_GPIO.o
 .debug_line    0x00000a29      0x40e Hw_Usart.o
 .debug_line    0x00000e37      0x1a0 Hw_IRQ.o
 .debug_line    0x00000fd7      0x154 Hw_SysTick.o
 .debug_line    0x0000112b      0x383 Ld_printf.o
 .debug_line    0x000014ae      0x158 main.o

.debug_str      0x00000000     0x1322
 .debug_str     0x00000000      0x1f4 Hw_StartUp.o
                                0x230 (size before relaxing)
 .debug_str     0x000001f4      0x25e Hw.o
                                0x425 (size before relaxing)
 .debug_str     0x00000452      0x451 Hw_Rcc.o
                                0x65c (size before relaxing)
 .debug_str     0x000008a3      0x235 Hw_GPIO.o
                                0x572 (size before relaxing)
 .debug_str     0x00000ad8      0x38c Hw_Usart.o
                                0x6f6 (size before relaxing)
 .debug_str     0x00000e64       0xab Hw_IRQ.o
                                0x260 (size before relaxing)
 .debug_str     0x00000f0f      0x2f5 Hw_SysTick.o
                                0x4be (size before relaxing)
 .debug_str     0x00001204       0xec Ld_printf.o
                                0x2a6 (size before relaxing)
 .debug_str     0x000012f0       0x32 main.o
                                0x26d (size before relaxing)

.comment        0x00000000       0x70
 .comment       0x00000000       0x70 Hw_StartUp.o
                                 0x71 (size before relaxing)
 .comment       0x00000000       0x71 Hw.o
 .comment       0x00000000       0x71 Hw_Rcc.o
 .comment       0x00000000       0x71 Hw_GPIO.o
 .comment       0x00000000       0x71 Hw_Usart.o
 .comment       0x00000000       0x71 Hw_IRQ.o
 .comment       0x00000000       0x71 Hw_SysTick.o
 .comment       0x00000000       0x71 Ld_printf.o
 .comment       0x00000000       0x71 main.o

.ARM.attributes
                0x00000000       0x33
 .ARM.attributes
                0x00000000       0x33 Hw_StartUp.o
 .ARM.attributes
                0x00000033       0x33 Hw.o
 .ARM.attributes
                0x00000066       0x33 Hw_Rcc.o
 .ARM.attributes
                0x00000099       0x33 Hw_GPIO.o
 .ARM.attributes
                0x000000cc       0x33 Hw_Usart.o
 .ARM.attributes
                0x000000ff       0x33 Hw_IRQ.o
 .ARM.attributes
                0x00000132       0x33 Hw_SysTick.o
 .ARM.attributes
                0x00000165       0x33 Ld_printf.o
 .ARM.attributes
                0x00000198       0x33 main.o

.debug_frame    0x00000000      0x938
 .debug_frame   0x00000000       0x44 Hw_StartUp.o
 .debug_frame   0x00000044       0x54 Hw.o
 .debug_frame   0x00000098      0x25c Hw_Rcc.o
 .debug_frame   0x000002f4      0x18c Hw_GPIO.o
 .debug_frame   0x00000480      0x240 Hw_Usart.o
 .debug_frame   0x000006c0       0xa0 Hw_IRQ.o
 .debug_frame   0x00000760       0x3c Hw_SysTick.o
 .debug_frame   0x0000079c      0x150 Ld_printf.o
 .debug_frame   0x000008ec       0x4c main.o

Cross Reference Table

Symbol                                            File
ADC1_2_IRQHandler                                 Hw_StartUp.o
ADC_AnalogWatchdogCmd                             Hw_ADC.o
ADC_AnalogWatchdogSingleChannelConfig             Hw_ADC.o
ADC_AnalogWatchdogThresholdsConfig                Hw_ADC.o
ADC_AutoInjectedConvCmd                           Hw_ADC.o
ADC_ClearFlag                                     Hw_ADC.o
ADC_ClearITPendingBit                             Hw_ADC.o
ADC_Cmd                                           Hw_ADC.o
ADC_DMACmd                                        Hw_ADC.o
ADC_DeInit                                        Hw_ADC.o
ADC_DiscModeChannelCountConfig                    Hw_ADC.o
ADC_DiscModeCmd                                   Hw_ADC.o
ADC_ExternalTrigConvCmd                           Hw_ADC.o
ADC_ExternalTrigInjectedConvCmd                   Hw_ADC.o
ADC_ExternalTrigInjectedConvConfig                Hw_ADC.o
ADC_GetCalibrationStatus                          Hw_ADC.o
ADC_GetConversionValue                            Hw_ADC.o
ADC_GetDualModeConversionValue                    Hw_ADC.o
ADC_GetFlagStatus                                 Hw_ADC.o
ADC_GetITStatus                                   Hw_ADC.o
ADC_GetInjectedConversionValue                    Hw_ADC.o
ADC_GetResetCalibrationStatus                     Hw_ADC.o
ADC_GetSoftwareStartConvStatus                    Hw_ADC.o
ADC_GetSoftwareStartInjectedConvCmdStatus         Hw_ADC.o
ADC_ITConfig                                      Hw_ADC.o
ADC_Init                                          Hw_ADC.o
ADC_InjectedChannelConfig                         Hw_ADC.o
ADC_InjectedDiscModeCmd                           Hw_ADC.o
ADC_InjectedSequencerLengthConfig                 Hw_ADC.o
ADC_RegularChannelConfig                          Hw_ADC.o
ADC_ResetCalibration                              Hw_ADC.o
ADC_SetInjectedOffset                             Hw_ADC.o
ADC_SoftwareStartConvCmd                          Hw_ADC.o
ADC_SoftwareStartInjectedConvCmd                  Hw_ADC.o
ADC_StartCalibration                              Hw_ADC.o
ADC_StructInit                                    Hw_ADC.o
ADC_TempSensorVrefintCmd                          Hw_ADC.o
All_7SEG_Off                                      Hw_Segment.o
All_7SEG_On                                       Hw_Segment.o
Blue_Off                                          Hw_Led.o
                                                  Hw_Key.o
                                                  Seg_Command.o
                                                  Led_Command.o
Blue_On                                           Hw_Led.o
                                                  Hw_Key.o
                                                  Seg_Command.o
                                                  Led_Command.o
BusFault_Handler                                  Hw_StartUp.o
CAN1_RX1_IRQHandler                               Hw_StartUp.o
CAN1_SCE_IRQHandler                               Hw_StartUp.o
DMA1_Channel1_IRQHandler                          Hw_StartUp.o
DMA1_Channel2_IRQHandler                          Hw_StartUp.o
DMA1_Channel3_IRQHandler                          Hw_StartUp.o
DMA1_Channel4_IRQHandler                          Hw_StartUp.o
DMA1_Channel5_IRQHandler                          Hw_StartUp.o
DMA1_Channel6_IRQHandler                          Hw_StartUp.o
DMA1_Channel7_IRQHandler                          Hw_StartUp.o
DMA_ClearFlag                                     Hw_DMA.o
DMA_ClearITPendingBit                             Hw_DMA.o
DMA_Cmd                                           Hw_DMA.o
DMA_DeInit                                        Hw_DMA.o
DMA_GetCurrDataCounter                            Hw_DMA.o
DMA_GetFlagStatus                                 Hw_DMA.o
DMA_GetITStatus                                   Hw_DMA.o
DMA_ITConfig                                      Hw_DMA.o
DMA_Init                                          Hw_DMA.o
DMA_SetCurrDataCounter                            Hw_DMA.o
DMA_StructInit                                    Hw_DMA.o
DebugMon_Handler                                  Hw_StartUp.o
DecToLong                                         Ld_printf.o
Default_Handler                                   Hw_StartUp.o
Delay                                             Util.o
EXTI0_IRQHandler                                  Hw_IRQ.o
                                                  Hw_StartUp.o
EXTI15_10_IRQHandler                              Hw_StartUp.o
EXTI1_IRQHandler                                  Hw_IRQ.o
                                                  Hw_StartUp.o
EXTI2_IRQHandler                                  Hw_IRQ.o
                                                  Hw_StartUp.o
EXTI3_IRQHandler                                  Hw_IRQ.o
                                                  Hw_StartUp.o
EXTI4_IRQHandler                                  Hw_IRQ.o
                                                  Hw_StartUp.o
EXTI9_5_IRQHandler                                Hw_StartUp.o
EXTI_ClearFlag                                    Hw_EXTI.o
EXTI_ClearITPendingBit                            Hw_EXTI.o
EXTI_DeInit                                       Hw_EXTI.o
EXTI_GenerateSWInterrupt                          Hw_EXTI.o
EXTI_GetFlagStatus                                Hw_EXTI.o
EXTI_GetITStatus                                  Hw_EXTI.o
EXTI_Init                                         Hw_EXTI.o
EXTI_StructInit                                   Hw_EXTI.o
FLASH_ClearFlag                                   Hw_Flash.o
FLASH_EnableWriteProtection                       Hw_Flash.o
FLASH_EraseAllBank1Pages                          Hw_Flash.o
FLASH_EraseAllPages                               Hw_Flash.o
FLASH_EraseOptionBytes                            Hw_Flash.o
FLASH_ErasePage                                   Hw_Flash.o
FLASH_GetBank1Status                              Hw_Flash.o
FLASH_GetFlagStatus                               Hw_Flash.o
FLASH_GetPrefetchBufferStatus                     Hw_Flash.o
FLASH_GetReadOutProtectionStatus                  Hw_Flash.o
FLASH_GetStatus                                   Hw_Flash.o
FLASH_GetUserOptionByte                           Hw_Flash.o
FLASH_GetWriteProtectionOptionByte                Hw_Flash.o
FLASH_HalfCycleAccessCmd                          Hw_Flash.o
FLASH_IRQHandler                                  Hw_StartUp.o
FLASH_ITConfig                                    Hw_Flash.o
FLASH_Lock                                        Hw_Flash.o
FLASH_LockBank1                                   Hw_Flash.o
FLASH_PrefetchBufferCmd                           Hw_Flash.o
FLASH_ProgramHalfWord                             Hw_Flash.o
FLASH_ProgramOptionByteData                       Hw_Flash.o
FLASH_ProgramWord                                 Hw_Flash.o
FLASH_ReadOutProtection                           Hw_Flash.o
FLASH_SetLatency                                  Hw_Flash.o
FLASH_Unlock                                      Hw_Flash.o
FLASH_UnlockBank1                                 Hw_Flash.o
FLASH_UserOptionByteConfig                        Hw_Flash.o
FLASH_WaitForLastBank1Operation                   Hw_Flash.o
FLASH_WaitForLastOperation                        Hw_Flash.o
GPIO_AFIODeInit                                   Hw_GPIO.o
GPIO_DeInit                                       Hw_GPIO.o
GPIO_ETH_MediaInterfaceConfig                     Hw_GPIO.o
GPIO_EXTILineConfig                               Hw_GPIO.o
GPIO_EventOutputCmd                               Hw_GPIO.o
GPIO_EventOutputConfig                            Hw_GPIO.o
GPIO_Init                                         Hw_GPIO.o
                                                  Hw_Segment.o
                                                  Hw_Key.o
                                                  Hw_Led.o
                                                  Hw.o
GPIO_PinLockConfig                                Hw_GPIO.o
GPIO_PinRemapConfig                               Hw_GPIO.o
GPIO_ReadInputData                                Hw_GPIO.o
GPIO_ReadInputDataBit                             Hw_GPIO.o
                                                  Hw_Key.o
GPIO_ReadOutputData                               Hw_GPIO.o
GPIO_ReadOutputDataBit                            Hw_GPIO.o
GPIO_ResetBits                                    Hw_GPIO.o
GPIO_SetBits                                      Hw_GPIO.o
GPIO_StructInit                                   Hw_GPIO.o
GPIO_Write                                        Hw_GPIO.o
GPIO_WriteBit                                     Hw_GPIO.o
HSE_Init                                          Hw_Rcc.o
                                                  Hw.o
HSI_Init                                          Hw_Rcc.o
HW_Init                                           Hw.o
                                                  main.o
HardFault_Handler                                 Hw_StartUp.o
Hw_1_second                                       Util.o
                                                  Hw_Segment.o
                                                  Hw_Key.o
                                                  Hw_Led.o
Hw_second                                         Util.o
I2C1_ER_IRQHandler                                Hw_StartUp.o
I2C1_EV_IRQHandler                                Hw_StartUp.o
I2C2_ER_IRQHandler                                Hw_StartUp.o
I2C2_EV_IRQHandler                                Hw_StartUp.o
I2C_ARPCmd                                        Hw_I2C.o
I2C_AcknowledgeConfig                             Hw_I2C.o
I2C_CalculatePEC                                  Hw_I2C.o
I2C_ClearFlag                                     Hw_I2C.o
I2C_ClearITPendingBit                             Hw_I2C.o
I2C_Cmd                                           Hw_I2C.o
I2C_DMACmd                                        Hw_I2C.o
I2C_DMALastTransferCmd                            Hw_I2C.o
I2C_DeInit                                        Hw_I2C.o
I2C_DualAddressCmd                                Hw_I2C.o
I2C_FastModeDutyCycleConfig                       Hw_I2C.o
I2C_GeneralCallCmd                                Hw_I2C.o
I2C_GenerateSTART                                 Hw_I2C.o
I2C_GenerateSTOP                                  Hw_I2C.o
I2C_GetFlagStatus                                 Hw_I2C.o
I2C_GetITStatus                                   Hw_I2C.o
I2C_GetLastEvent                                  Hw_I2C.o
I2C_GetPEC                                        Hw_I2C.o
I2C_ITConfig                                      Hw_I2C.o
I2C_Init                                          Hw_I2C.o
I2C_NACKPositionConfig                            Hw_I2C.o
I2C_OwnAddress2Config                             Hw_I2C.o
I2C_PECPositionConfig                             Hw_I2C.o
I2C_ReadRegister                                  Hw_I2C.o
I2C_ReceiveData                                   Hw_I2C.o
I2C_SMBusAlertConfig                              Hw_I2C.o
I2C_Send7bitAddress                               Hw_I2C.o
I2C_SendData                                      Hw_I2C.o
I2C_SoftwareResetCmd                              Hw_I2C.o
I2C_StretchClockCmd                               Hw_I2C.o
I2C_StructInit                                    Hw_I2C.o
I2C_TransmitPEC                                   Hw_I2C.o
I2S_Cmd                                           Hw_SPI.o
I2S_Init                                          Hw_SPI.o
I2S_StructInit                                    Hw_SPI.o
IS_FUNCTIONAL_STATE                               Hw_ADC.o
KEY_Init                                          Hw_Key.o
KEY_Test                                          Hw_Key.o
                                                  Key_Command.o
LED_MULT                                          Hw_Led.o
Led_AllOff                                        Hw_Led.o
                                                  Seg_Command.o
                                                  Led_Command.o
Led_AllOn                                         Hw_Led.o
                                                  Seg_Command.o
                                                  Led_Command.o
Led_Init                                          Hw_Led.o
                                                  Hw_Key.o
MMI_Handler                                       Hw_StartUp.o
MemManage_Handler                                 Hw_StartUp.o
NMI_Handler                                       Hw_StartUp.o
NVIC_Configuration                                Hw_NVIC.o
NVIC_Init                                         Hw_NVIC.o
NVIC_PriorityGroupConfig                          Hw_NVIC.o
NVIC_SetPriority                                  Hw_NVIC.o
                                                  Hw_SysTick.o
NVIC_SetVectorTable                               Hw_NVIC.o
Off_7SEG_OnePin                                   Hw_Segment.o
On_7SEG_OnePin                                    Hw_Segment.o
Output_7SEG_Number                                Hw_Segment.o
PVD_IRQHandler                                    Hw_IRQ.o
                                                  Hw_StartUp.o
PendSV_Handler                                    Hw_StartUp.o
Power_SEG_Off                                     Hw_Segment.o
Power_SEG_On                                      Hw_Segment.o
RCC_ADCCLKConfig                                  Hw_Rcc.o
RCC_AHBPeriphClockCmd                             Hw_Rcc.o
RCC_APB1PeriphClockCmd                            Hw_Rcc.o
RCC_APB1PeriphResetCmd                            Hw_Rcc.o
                                                  Hw_I2C.o
                                                  Hw_SPI.o
                                                  Hw_TIM.o
                                                  Hw_Usart.o
RCC_APB2PeriphClockCmd                            Hw_Rcc.o
                                                  Hw_Segment.o
                                                  Hw.o
RCC_APB2PeriphResetCmd                            Hw_Rcc.o
                                                  Hw_SPI.o
                                                  Hw_ADC.o
                                                  Hw_TIM.o
                                                  Hw_Usart.o
                                                  Hw_GPIO.o
RCC_AdjustHSICalibrationValue                     Hw_Rcc.o
RCC_BackupResetCmd                                Hw_Rcc.o
RCC_ClearFlag                                     Hw_Rcc.o
RCC_ClearITPendingBit                             Hw_Rcc.o
RCC_ClockSecuritySystemCmd                        Hw_Rcc.o
RCC_DeInit                                        Hw_Rcc.o
RCC_GetClocksFreq                                 Hw_Rcc.o
                                                  main.o
                                                  Hw_I2C.o
                                                  Hw_SPI.o
                                                  Hw_Usart.o
RCC_GetFlagStatus                                 Hw_Rcc.o
RCC_GetITStatus                                   Hw_Rcc.o
RCC_GetSYSCLKSource                               Hw_Rcc.o
RCC_HCLKConfig                                    Hw_Rcc.o
RCC_HSEConfig                                     Hw_Rcc.o
RCC_HSICmd                                        Hw_Rcc.o
RCC_IRQHandler                                    Hw_StartUp.o
RCC_ITConfig                                      Hw_Rcc.o
RCC_LSEConfig                                     Hw_Rcc.o
RCC_LSICmd                                        Hw_Rcc.o
RCC_MCOConfig                                     Hw_Rcc.o
RCC_PCLK1Config                                   Hw_Rcc.o
RCC_PCLK2Config                                   Hw_Rcc.o
RCC_PLLCmd                                        Hw_Rcc.o
RCC_PLLConfig                                     Hw_Rcc.o
RCC_RTCCLKCmd                                     Hw_Rcc.o
RCC_RTCCLKConfig                                  Hw_Rcc.o
RCC_SYSCLKConfig                                  Hw_Rcc.o
RCC_USBCLKConfig                                  Hw_Rcc.o
RTCAlarm_IRQHandler                               Hw_StartUp.o
RTC_IRQHandler                                    Hw_StartUp.o
Red_Off                                           Hw_Led.o
                                                  Hw_Key.o
                                                  Seg_Command.o
                                                  Led_Command.o
Red_On                                            Hw_Led.o
                                                  Hw_Key.o
                                                  Seg_Command.o
                                                  Led_Command.o
Reset_Handler                                     Hw_StartUp.o
SPI1_IRQHandler                                   Hw_StartUp.o
SPI2_IRQHandler                                   Hw_StartUp.o
SPI3_IRQHandler                                   Hw_StartUp.o
SPI_BiDirectionalLineConfig                       Hw_SPI.o
SPI_CalculateCRC                                  Hw_SPI.o
SPI_Cmd                                           Hw_SPI.o
SPI_DataSizeConfig                                Hw_SPI.o
SPI_GetCRC                                        Hw_SPI.o
SPI_GetCRCPolynomial                              Hw_SPI.o
SPI_I2S_ClearFlag                                 Hw_SPI.o
SPI_I2S_ClearITPendingBit                         Hw_SPI.o
SPI_I2S_DMACmd                                    Hw_SPI.o
SPI_I2S_DeInit                                    Hw_SPI.o
SPI_I2S_GetFlagStatus                             Hw_SPI.o
SPI_I2S_GetITStatus                               Hw_SPI.o
SPI_I2S_ITConfig                                  Hw_SPI.o
SPI_I2S_ReceiveData                               Hw_SPI.o
SPI_I2S_SendData                                  Hw_SPI.o
SPI_Init                                          Hw_SPI.o
SPI_NSSInternalSoftwareConfig                     Hw_SPI.o
SPI_SSOutputCmd                                   Hw_SPI.o
SPI_StructInit                                    Hw_SPI.o
SPI_TransmitCRC                                   Hw_SPI.o
SVC_Handler                                       Hw_StartUp.o
SerialOutputString                                Ld_printf.o
Seven_SEG_TEST                                    Hw_Segment.o
StartUpCounter                                    Hw_Rcc.o
                                                  main.o
StrCmp                                            Ld_printf.o
                                                  Seg_Command.o
                                                  Key_Command.o
                                                  Led_Command.o
                                                  Menu_Command.o
StrNCmp                                           Ld_printf.o
SysTick_Config                                    Hw_SysTick.o
SysTick_Handler                                   Hw_SysTick.o
                                                  Hw_StartUp.o
System_Information                                main.o
                                                  Seg_Command.o
                                                  Key_Command.o
                                                  Led_Command.o
TAMPER_IRQHandler                                 Hw_StartUp.o
TEST_Check                                        Hw_Led.o
TIM1_BRK_IRQHandler                               Hw_StartUp.o
TIM1_CC_IRQHandler                                Hw_StartUp.o
TIM1_TRG_COM_IRQHandler                           Hw_StartUp.o
TIM1_UP_IRQHandler                                Hw_StartUp.o
TIM2_IRQHandler                                   Hw_IRQ.o
                                                  Hw_StartUp.o
TIM3_IRQHandler                                   Hw_IRQ.o
                                                  Hw_StartUp.o
TIM4_IRQHandler                                   Hw_IRQ.o
                                                  Hw_StartUp.o
TIM_ARRPreloadConfig                              Hw_TIM.o
TIM_BDTRConfig                                    Hw_TIM.o
TIM_BDTRStructInit                                Hw_TIM.o
TIM_CCPreloadControl                              Hw_TIM.o
TIM_CCxCmd                                        Hw_TIM.o
TIM_CCxNCmd                                       Hw_TIM.o
TIM_ClearFlag                                     Hw_TIM.o
TIM_ClearITPendingBit                             Hw_TIM.o
TIM_ClearOC1Ref                                   Hw_TIM.o
TIM_ClearOC2Ref                                   Hw_TIM.o
TIM_ClearOC3Ref                                   Hw_TIM.o
TIM_ClearOC4Ref                                   Hw_TIM.o
TIM_Cmd                                           Hw_TIM.o
TIM_CounterModeConfig                             Hw_TIM.o
TIM_CtrlPWMOutputs                                Hw_TIM.o
TIM_DMACmd                                        Hw_TIM.o
TIM_DMAConfig                                     Hw_TIM.o
TIM_DeInit                                        Hw_TIM.o
TIM_ETRClockMode1Config                           Hw_TIM.o
TIM_ETRClockMode2Config                           Hw_TIM.o
TIM_ETRConfig                                     Hw_TIM.o
TIM_EncoderInterfaceConfig                        Hw_TIM.o
TIM_ForcedOC1Config                               Hw_TIM.o
TIM_ForcedOC2Config                               Hw_TIM.o
TIM_ForcedOC3Config                               Hw_TIM.o
TIM_ForcedOC4Config                               Hw_TIM.o
TIM_GenerateEvent                                 Hw_TIM.o
TIM_GetCapture1                                   Hw_TIM.o
TIM_GetCapture2                                   Hw_TIM.o
TIM_GetCapture3                                   Hw_TIM.o
TIM_GetCapture4                                   Hw_TIM.o
TIM_GetCounter                                    Hw_TIM.o
TIM_GetFlagStatus                                 Hw_TIM.o
TIM_GetITStatus                                   Hw_TIM.o
TIM_GetPrescaler                                  Hw_TIM.o
TIM_ICInit                                        Hw_TIM.o
TIM_ICStructInit                                  Hw_TIM.o
TIM_ITConfig                                      Hw_TIM.o
TIM_ITRxExternalClockConfig                       Hw_TIM.o
TIM_InternalClockConfig                           Hw_TIM.o
TIM_OC1FastConfig                                 Hw_TIM.o
TIM_OC1Init                                       Hw_TIM.o
TIM_OC1NPolarityConfig                            Hw_TIM.o
TIM_OC1PolarityConfig                             Hw_TIM.o
TIM_OC1PreloadConfig                              Hw_TIM.o
TIM_OC2FastConfig                                 Hw_TIM.o
TIM_OC2Init                                       Hw_TIM.o
TIM_OC2NPolarityConfig                            Hw_TIM.o
TIM_OC2PolarityConfig                             Hw_TIM.o
TIM_OC2PreloadConfig                              Hw_TIM.o
TIM_OC3FastConfig                                 Hw_TIM.o
TIM_OC3Init                                       Hw_TIM.o
TIM_OC3NPolarityConfig                            Hw_TIM.o
TIM_OC3PolarityConfig                             Hw_TIM.o
TIM_OC3PreloadConfig                              Hw_TIM.o
TIM_OC4FastConfig                                 Hw_TIM.o
TIM_OC4Init                                       Hw_TIM.o
TIM_OC4PolarityConfig                             Hw_TIM.o
TIM_OC4PreloadConfig                              Hw_TIM.o
TIM_OCStructInit                                  Hw_TIM.o
TIM_PWMIConfig                                    Hw_TIM.o
TIM_PrescalerConfig                               Hw_TIM.o
TIM_SelectCCDMA                                   Hw_TIM.o
TIM_SelectCOM                                     Hw_TIM.o
TIM_SelectHallSensor                              Hw_TIM.o
TIM_SelectInputTrigger                            Hw_TIM.o
TIM_SelectMasterSlaveMode                         Hw_TIM.o
TIM_SelectOCxM                                    Hw_TIM.o
TIM_SelectOnePulseMode                            Hw_TIM.o
TIM_SelectOutputTrigger                           Hw_TIM.o
TIM_SelectSlaveMode                               Hw_TIM.o
TIM_SetAutoreload                                 Hw_TIM.o
TIM_SetClockDivision                              Hw_TIM.o
TIM_SetCompare1                                   Hw_TIM.o
TIM_SetCompare2                                   Hw_TIM.o
TIM_SetCompare3                                   Hw_TIM.o
TIM_SetCompare4                                   Hw_TIM.o
TIM_SetCounter                                    Hw_TIM.o
TIM_SetIC1Prescaler                               Hw_TIM.o
TIM_SetIC2Prescaler                               Hw_TIM.o
TIM_SetIC3Prescaler                               Hw_TIM.o
TIM_SetIC4Prescaler                               Hw_TIM.o
TIM_TIxExternalClockConfig                        Hw_TIM.o
TIM_TimeBaseInit                                  Hw_TIM.o
TIM_TimeBaseStructInit                            Hw_TIM.o
TIM_UpdateDisableConfig                           Hw_TIM.o
TIM_UpdateRequestConfig                           Hw_TIM.o
Test_LED                                          Hw_Led.o
                                                  Seg_Command.o
                                                  Led_Command.o
TimingDelay_Decrement                             Util.o
USART1_Config                                     Hw.o
USART1_IRQHandler                                 Hw_StartUp.o
USART2_IRQHandler                                 Hw_StartUp.o
USART3_IRQHandler                                 Hw_StartUp.o
USART_ClearFlag                                   Hw_Usart.o
USART_ClearITPendingBit                           Hw_Usart.o
USART_ClockInit                                   Hw_Usart.o
USART_ClockStructInit                             Hw_Usart.o
USART_Cmd                                         Hw_Usart.o
USART_DMACmd                                      Hw_Usart.o
USART_DeInit                                      Hw_Usart.o
USART_GetFlagStatus                               Hw_Usart.o
USART_GetITStatus                                 Hw_Usart.o
USART_HalfDuplexCmd                               Hw_Usart.o
USART_ITConfig                                    Hw_Usart.o
USART_Init                                        Hw_Usart.o
                                                  Hw.o
USART_IrDACmd                                     Hw_Usart.o
USART_IrDAConfig                                  Hw_Usart.o
USART_LINBreakDetectLengthConfig                  Hw_Usart.o
USART_LINCmd                                      Hw_Usart.o
USART_OneBitMethodCmd                             Hw_Usart.o
USART_OverSampling8Cmd                            Hw_Usart.o
USART_ReceiveData                                 Hw_Usart.o
USART_ReceiverWakeUpCmd                           Hw_Usart.o
USART_SendBreak                                   Hw_Usart.o
USART_SendData                                    Hw_Usart.o
USART_SetAddress                                  Hw_Usart.o
USART_SetGuardTime                                Hw_Usart.o
USART_SetPrescaler                                Hw_Usart.o
USART_SmartCardCmd                                Hw_Usart.o
USART_SmartCardNACKCmd                            Hw_Usart.o
USART_StructInit                                  Hw_Usart.o
USART_WakeUpConfig                                Hw_Usart.o
USBWakeUp_IRQHandler                              Hw_StartUp.o
USB_HP_CAN1_TX_IRQHandler                         Hw_StartUp.o
USB_LP_CAN1_RX0_IRQHandler                        Hw_StartUp.o
UsageFault_Handler                                Hw_StartUp.o
WWDG_IRQHandler                                   Hw_StartUp.o
Yellow_Off                                        Hw_Led.o
                                                  Hw_Key.o
                                                  Seg_Command.o
                                                  Led_Command.o
Yellow_On                                         Hw_Led.o
                                                  Hw_Key.o
                                                  Seg_Command.o
                                                  Led_Command.o
_ebss                                             Hw_StartUp.o
_edata                                            Hw_StartUp.o
_estack                                           Hw_StartUp.o
_sbss                                             Hw_StartUp.o
_sdata                                            Hw_StartUp.o
_sidata                                           Hw_StartUp.o
assert_param                                      Hw_ADC.o
                                                  Hw_Usart.o
cmd                                               Menu_Command.o
cmd_size                                          Menu_Command.o
cmd_tbl                                           Menu_Command.o
command_key_main                                  Key_Command.o
command_key_main_menu                             Key_Command.o
command_led_main                                  Led_Command.o
                                                  Menu_Command.o
command_led_main_menu                             Led_Command.o
                                                  Seg_Command.o
                                                  Key_Command.o
command_main                                      Menu_Command.o
command_seg_main                                  Seg_Command.o
command_seg_main_menu                             Seg_Command.o
display_prompt                                    Menu_Command.o
do_key                                            Menu_Command.o
do_led                                            Menu_Command.o
do_print_help                                     Menu_Command.o
do_seg                                            Menu_Command.o
do_test                                           Menu_Command.o
g_pfnVectors                                      Hw_StartUp.o
get_args                                          Menu_Command.o
get_byte                                          Ld_printf.o
                                                  Seg_Command.o
                                                  Key_Command.o
                                                  Led_Command.o
                                                  Menu_Command.o
get_command                                       Menu_Command.o
main                                              main.o
                                                  Hw_StartUp.o
print_byte                                        Ld_printf.o
printf                                            Ld_printf.o
                                                  Hw_Segment.o
                                                  main.o
                                                  Seg_Command.o
                                                  Key_Command.o
                                                  Led_Command.o
                                                  Menu_Command.o
